Command: /Users/markgrun/.espressif/python_env/idf6.1_py3.14_env/bin/python /Users/markgrun/esp/esp-idf/tools/idf_monitor.py -p /dev/cu.usbserial-110 -b 115200 --toolchain-prefix xtensa-esp32-elf- --target esp32 --revision 0 /Users/markgrun/Watch18.1/horaWatchSoftware/build/horaWatchSoftware.elf /Users/markgrun/Watch18.1/horaWatchSoftware/build/bootloader/bootloader.elf -m '/Users/markgrun/.espressif/python_env/idf6.1_py3.14_env/bin/python' '/Users/markgrun/esp/esp-idf/tools/idf.py' '-p' '/dev/cu.usbserial-110'
ets Jul 29 2019 12:21:46

rst:0x1 (POWERON_RESET),boot:0x13 (SPI_FAST_FLASH_BOOT)
configsip: 0, SPIWP:0xee
clk_drv:0x00,q_drv:0x00,d_drv:0x00,cs0_drv:0x00,hd_drv:0x00,wp_drv:0x00
mode:DIO, clock div:2
load:0x3fff0040,len:6376
load:0x40078000,len:15900
ho 0 tail 12 room 4
load:0x40080400,len:3920
entry 0x40080644
[0;32mI (29) boot: ESP-IDF v6.1-dev-2002-gfa47e101d5 2nd stage bootloader[0m
[0;32mI (29) boot: compile time Jan 20 2026 15:07:02[0m
[0;32mI (29) boot: Multicore bootloader[0m
[0;32mI (32) boot: chip revision: v3.1[0m
[0;32mI (35) boot.esp32: SPI Speed      : 40MHz[0m
[0;32mI (39) boot.esp32: SPI Mode       : DIO[0m
[0;32mI (42) boot.esp32: SPI Flash Size : 2MB[0m
[0;32mI (46) boot: Enabling RNG early entropy source...[0m
[0;32mI (50) boot: Partition Table:[0m
[0;32mI (53) boot: ## Label            Usage          Type ST Offset   Length[0m
[0;32mI (59) boot:  0 nvs              WiFi data        01 02 00009000 00006000[0m
[0;32mI (66) boot:  1 phy_init         RF data          01 01 0000f000 00001000[0m
[0;32mI (72) boot:  2 factory          factory app      00 00 00010000 00100000[0m
[0;32mI (79) boot: End of partition table[0m
[0;32mI (82) esp_image: segment 0: paddr=00010020 vaddr=3f400020 size=348b4h (215220) map[0m
[0;32mI (166) esp_image: segment 1: paddr=000448dc vaddr=3ffb0000 size=02d04h ( 11524) load[0m
[0;32mI (171) esp_image: segment 2: paddr=000475e8 vaddr=40080000 size=08a30h ( 35376) load[0m
[0;32mI (186) esp_image: segment 3: paddr=00050020 vaddr=400d0020 size=51c80h (334976) map[0m
[0;32mI (305) esp_image: segment 4: paddr=000a1ca8 vaddr=40088a30 size=04480h ( 17536) load[0m
[0;32mI (313) esp_image: segment 5: paddr=000a6130 vaddr=50000000 size=00028h (    40) load[0m
[0;32mI (320) boot: Loaded app from partition at offset 0x10000[0m
[0;32mI (320) boot: Disabling RNG early entropy source...[0m
[0;32mI (331) cpu_start: Multicore app[0m
[0;32mI (339) cpu_start: GPIO 3 and 1 are used as console UART I/O pins[0m
[0;32mI (340) cpu_start: Pro cpu start user code[0m
[0;32mI (340) cpu_start: cpu freq: 160000000 Hz[0m
[0;32mI (342) app_init: Application information:[0m
[0;32mI (345) app_init: Project name:     horaWatchSoftware[0m
[0;32mI (350) app_init: App version:      fbc1c55-dirty[0m
[0;32mI (355) app_init: Compile time:     Jan 20 2026 15:07:06[0m
[0;32mI (360) app_init: ELF file SHA256:  efb0888b6...[0m
[0;32mI (364) app_init: ESP-IDF:          v6.1-dev-2002-gfa47e101d5[0m
[0;32mI (369) efuse_init: Min chip rev:     v0.0[0m
[0;32mI (373) efuse_init: Max chip rev:     v3.99 [0m
[0;32mI (377) efuse_init: Chip rev:         v3.1[0m
[0;32mI (381) heap_init: Initializing. RAM available for dynamic allocation:[0m
[0;32mI (388) heap_init: At 3FFAE6E0 len 00001920 (6 KiB): DRAM[0m
[0;32mI (392) heap_init: At 3FFC39D8 len 0001C628 (113 KiB): DRAM[0m
[0;32mI (398) heap_init: At 3FFE0440 len 00003AE0 (14 KiB): D/IRAM[0m
[0;32mI (403) heap_init: At 3FFE4350 len 0001BCB0 (111 KiB): D/IRAM[0m
[0;32mI (409) heap_init: At 4008CEB0 len 00013150 (76 KiB): IRAM[0m
[0;33mW (415) spi_flash: Detected boya flash chip but using generic driver. For optimal functionality, enable `SPI_FLASH_SUPPORT_BOYA_CHIP` in menuconfig[0m
[0;32mI (427) spi_flash: detected chip: generic[0m
[0;32mI (430) spi_flash: flash io: dio[0m
[0;33mW (433) spi_flash: Detected size(4096k) larger than the size in the binary image header(2048k). Using the size in the binary image header.[0m
[0;32mI (447) main_task: Started on CPU0[0m
[0;32mI (457) main_task: Calling app_main()[0m
[0;32mI (457) main: Booting horaWatchSoftware...[0m
[0;32mI (457) bsp: bsp_init(): init display + lvgl driver[0m
[0;32mI (457) disp_spi: init display + register LVGL driver[0m
[0;32mI (587) disp_spi: LVGL display registered (240x280, RGB565, no scaling)[0m
[0;32mI (587) app: app_init(): initializing state and UI[0m
[0;32mI (587) app: Starting LVGL widgets demo[0m
[0;32mI (1257) main_task: Returned from app_main()[0m
Guru Meditation Error: Core  0 panic'ed (StoreProhibited). Exception was unhandled.

Core  0 register dump:
PC      : 0x40118582  PS      : 0x00060f33  A0      : 0x801186ac  A1      : 0x3ffc4c60  
A2      : 0x3ffc6b78  A3      : 0x00000001  A4      : 0x00000001  A5      : 0x00000000  
A6      : 0x00000000  A7      : 0x00000000  A8      : 0x00000016  A9      : 0x00000000  
A10     : 0x000e6beb  A11     : 0x00010009  A12     : 0x00060120  A13     : 0x3ffb00e0  
A14     : 0x0000005b  A15     : 0x00060123  SAR     : 0x0000000a  EXCCAUSE: 0x0000001d  
EXCVADDR: 0x00000016  LBEG    : 0x00000000  LEND    : 0x00000000  LCOUNT  : 0x00000000  


Backtrace: 0x4011857f:0x3ffc4c60 0x401186a9:0x3ffc4c90 0x4011f89e:0x3ffc4cb0




ELF file SHA256: efb0888b6

Rebooting...
ets Jul 29 2019 12:21:46

rst:0xc (SW_CPU_RESET),boot:0x13 (SPI_FAST_FLASH_BOOT)
configsip: 0, SPIWP:0xee
clk_drv:0x00,q_drv:0x00,d_drv:0x00,cs0_drv:0x00,hd_drv:0x00,wp_drv:0x00
mode:DIO, clock div:2
load:0x3fff0040,len:6376
load:0x40078000,len:15900
ho 0 tail 12 room 4
load:0x40080400,len:3920
entry 0x40080644
[0;32mI (29) boot: ESP-IDF v6.1-dev-2002-gfa47e101d5 2nd stage bootloader[0m
[0;32mI (29) boot: compile time Jan 20 2026 15:07:02[0m
[0;32mI (29) boot: Multicore bootloader[0m
[0;32mI (32) boot: chip revision: v3.1[0m
[0;32mI (35) boot.esp32: SPI Speed      : 40MHz[0m
[0;32mI (39) boot.esp32: SPI Mode       : DIO[0m
[0;32mI (42) boot.esp32: SPI Flash Size : 2MB[0m
[0;32mI (46) boot: Enabling RNG early entropy source...[0m
[0;32mI (50) boot: Partition Table:[0m
[0;32mI (53) boot: ## Label            Usage          Type ST Offset   Length[0m
[0;32mI (59) boot:  0 nvs              WiFi data        01 02 00009000 00006000[0m
[0;32mI (66) boot:  1 phy_init         RF data          01 01 0000f000 00001000[0m
[0;32mI (72) boot:  2 factory          factory app      00 00 00010000 00100000[0m
[0;32mI (79) boot: End of partition table[0m
[0;32mI (82) esp_image: segment 0: paddr=00010020 vaddr=3f400020 size=348b4h (215220) map[0m
[0;32mI (166) esp_image: segment 1: paddr=000448dc vaddr=3ffb0000 size=02d04h ( 11524) load[0m
[0;32mI (171) esp_image: segment 2: paddr=000475e8 vaddr=40080000 size=08a30h ( 35376) load[0m
[0;32mI (186) esp_image: segment 3: paddr=00050020 vaddr=400d0020 size=51c80h (334976) map[0m
[0;32mI (305) esp_image: segment 4: paddr=000a1ca8 vaddr=40088a30 size=04480h ( 17536) load[0m
[0;32mI (313) esp_image: segment 5: paddr=000a6130 vaddr=50000000 size=00028h (    40) load[0m
[0;32mI (320) boot: Loaded app from partition at offset 0x10000[0m
[0;32mI (320) boot: Disabling RNG early entropy source...[0m
[0;32mI (331) cpu_start: Multicore app[0m
[0;32mI (339) cpu_start: GPIO 3 and 1 are used as console UART I/O pins[0m
[0;32mI (340) cpu_start: Pro cpu start user code[0m
[0;32mI (340) cpu_start: cpu freq: 160000000 Hz[0m
[0;32mI (341) app_init: Application information:[0m
[0;32mI (345) app_init: Project name:     horaWatchSoftware[0m
[0;32mI (350) app_init: App version:      fbc1c55-dirty[0m
[0;32mI (354) app_init: Compile time:     Jan 20 2026 15:07:06[0m
[0;32mI (360) app_init: ELF file SHA256:  efb0888b6...[0m
[0;32mI (364) app_init: ESP-IDF:          v6.1-dev-2002-gfa47e101d5[0m
[0;32mI (369) efuse_init: Min chip rev:     v0.0[0m
[0;32mI (373) efuse_init: Max chip rev:     v3.99 [0m
[0;32mI (377) efuse_init: Chip rev:         v3.1[0m
[0;32mI (381) heap_init: Initializing. RAM available for dynamic allocation:[0m
[0;32mI (387) heap_init: At 3FFAE6E0 len 00001920 (6 KiB): DRAM[0m
[0;32mI (392) heap_init: At 3FFC39D8 len 0001C628 (113 KiB): DRAM[0m
[0;32mI (398) heap_init: At 3FFE0440 len 00003AE0 (14 KiB): D/IRAM[0m
[0;32mI (403) heap_init: At 3FFE4350 len 0001BCB0 (111 KiB): D/IRAM[0m
[0;32mI (409) heap_init: At 4008CEB0 len 00013150 (76 KiB): IRAM[0m
[0;33mW (415) spi_flash: Detected boya flash chip but using generic driver. For optimal functionality, enable `SPI_FLASH_SUPPORT_BOYA_CHIP` in menuconfig[0m
[0;32mI (427) spi_flash: detected chip: generic[0m
[0;32mI (430) spi_flash: flash io: dio[0m
[0;33mW (433) spi_flash: Detected size(4096k) larger than the size in the binary image header(2048k). Using the size in the binary image header.[0m
[0;32mI (447) main_task: Started on CPU0[0m
[0;32mI (457) main_task: Calling app_main()[0m
[0;32mI (457) main: Booting horaWatchSoftware...[0m
[0;32mI (457) bsp: bsp_init(): init display + lvgl driver[0m
[0;32mI (457) disp_spi: init display + register LVGL driver[0m
[0;32mI (587) disp_spi: LVGL display registered (240x280, RGB565, no scaling)[0m
[0;32mI (587) app: app_init(): initializing state and UI[0m
[0;32mI (587) app: Starting LVGL widgets demo[0m
[0;32mI (1257) main_task: Returned from app_main()[0m
Guru Meditation Error: Core  0 panic'ed (StoreProhibited). Exception was unhandled.

Core  0 register dump:
PC      : 0x40118582  PS      : 0x00060f33  A0      : 0x801186ac  A1      : 0x3ffc4c60  
A2      : 0x3ffc6b78  A3      : 0x00000001  A4      : 0x00000001  A5      : 0x00000000  
A6      : 0x00000000  A7      : 0x00000000  A8      : 0x00000016  A9      : 0x00000000  
A10     : 0x000e6beb  A11     : 0x00010009  A12     : 0x00060120  A13     : 0x3ffb00e0  
A14     : 0x0000005b  A15     : 0x00060123  SAR     : 0x0000000a  EXCCAUSE: 0x0000001d  
EXCVADDR: 0x00000016  LBEG    : 0x00000000  LEND    : 0x00000000  LCOUNT  : 0x00000000  


Backtrace: 0x4011857f:0x3ffc4c60 0x401186a9:0x3ffc4c90 0x4011f89e:0x3ffc4cb0




ELF file SHA256: efb0888b6

Rebooting...
ets Jul 29 2019 12:21:46

rst:0xc (SW_CPU_RESET),boot:0x13 (SPI_FAST_FLASH_BOOT)
configsip: 0, SPIWP:0xee
clk_drv:0x00,q_drv:0x00,d_drv:0x00,cs0_drv:0x00,hd_drv:0x00,wp_drv:0x00
mode:DIO, clock div:2
load:0x3fff0040,len:6376
load:0x40078000,len:15900
ho 0 tail 12 room 4
load:0x40080400,len:3920
entry 0x40080644
[0;32mI (29) boot: ESP-IDF v6.1-dev-2002-gfa47e101d5 2nd stage bootloader[0m
[0;32mI (29) boot: compile time Jan 20 2026 15:07:02[0m
[0;32mI (29) boot: Multicore bootloader[0m
[0;32mI (32) boot: chip revision: v3.1[0m
[0;32mI (35) boot.esp32: SPI Speed      : 40MHz[0m
[0;32mI (39) boot.esp32: SPI Mode       : DIO[0m
[0;32mI (42) boot.esp32: SPI Flash Size : 2MB[0m
[0;32mI (46) boot: Enabling RNG early entropy source...[0m
[0;32mI (50) boot: Partition Table:[0m
[0;32mI (53) boot: ## Label            Usage          Type ST Offset   Length[0m
[0;32mI (59) boot:  0 nvs              WiFi data        01 02 00009000 00006000[0m
[0;32mI (66) boot:  1 phy_init         RF data          01 01 0000f000 00001000[0m
[0;32mI (72) boot:  2 factory          factory app      00 00 00010000 00100000[0m
[0;32mI (79) boot: End of partition table[0m
[0;32mI (82) esp_image: segment 0: paddr=00010020 vaddr=3f400020 size=348b4h (215220) map[0m
[0;32mI (166) esp_image: segment 1: paddr=000448dc vaddr=3ffb0000 size=02d04h ( 11524) load[0m
[0;32mI (171) esp_image: segment 2: paddr=000475e8 vaddr=40080000 size=08a30h ( 35376) load[0m
[0;32mI (186) esp_image: segment 3: paddr=00050020 vaddr=400d0020 size=51c80h (334976) map[0m
[0;32mI (305) esp_image: segment 4: paddr=000a1ca8 vaddr=40088a30 size=04480h ( 17536) load[0m
[0;32mI (313) esp_image: segment 5: paddr=000a6130 vaddr=50000000 size=00028h (    40) load[0m
[0;32mI (320) boot: Loaded app from partition at offset 0x10000[0m
[0;32mI (320) boot: Disabling RNG early entropy source...[0m
[0;32mI (331) cpu_start: Multicore app[0m
[0;32mI (339) cpu_start: GPIO 3 and 1 are used as console UART I/O pins[0m
[0;32mI (340) cpu_start: Pro cpu start user code[0m
[0;32mI (340) cpu_start: cpu freq: 160000000 Hz[0m
[0;32mI (341) app_init: Application information:[0m
[0;32mI (345) app_init: Project name:     horaWatchSoftware[0m
[0;32mI (350) app_init: App version:      fbc1c55-dirty[0m
[0;32mI (354) app_init: Compile time:     Jan 20 2026 15:07:06[0m
[0;32mI (360) app_init: ELF file SHA256:  efb0888b6...[0m
[0;32mI (364) app_init: ESP-IDF:          v6.1-dev-2002-gfa47e101d5[0m
[0;32mI (369) efuse_init: Min chip rev:     v0.0[0m
[0;32mI (373) efuse_init: Max chip rev:     v3.99 [0m
[0;32mI (377) efuse_init: Chip rev:         v3.1[0m
[0;32mI (381) heap_init: Initializing. RAM available for dynamic allocation:[0m
[0;32mI (387) heap_init: At 3FFAE6E0 len 00001920 (6 KiB): DRAM[0m
[0;32mI (392) heap_init: At 3FFC39D8 len 0001C628 (113 KiB): DRAM[0m
[0;32mI (398) heap_init: At 3FFE0440 len 00003AE0 (14 KiB): D/IRAM[0m
[0;32mI (403) heap_init: At 3FFE4350 len 0001BCB0 (111 KiB): D/IRAM[0m
[0;32mI (409) heap_init: At 4008CEB0 len 00013150 (76 KiB): IRAM[0m
[0;33mW (415) spi_flash: Detected boya flash chip but using generic driver. For optimal functionality, enable `SPI_FLASH_SUPPORT_BOYA_CHIP` in menuconfig[0m
[0;32mI (427) spi_flash: detected chip: generic[0m
[0;32mI (430) spi_flash: flash io: dio[0m
[0;33mW (433) spi_flash: Detected size(4096k) larger than the size in the binary image header(2048k). Using the size in the binary image header.[0m
[0;32mI (447) main_task: Started on CPU0[0m
[0;32mI (457) main_task: Calling app_main()[0m
[0;32mI (457) main: Booting horaWatchSoftware...[0m
[0;32mI (457) bsp: bsp_init(): init display + lvgl driver[0m
[0;32mI (457) disp_spi: init display + register LVGL driver[0m
[0;32mI (587) disp_spi: LVGL display registered (240x280, RGB565, no scaling)[0m
[0;32mI (587) app: app_init(): initializing state and UI[0m
[0;32mI (587) app: Starting LVGL widgets demo[0m
[0;32mI (1257) main_task: Returned from app_main()[0m
Guru Meditation Error: Core  0 panic'ed (StoreProhibited). Exception was unhandled.

Core  0 register dump:
PC      : 0x40118582  PS      : 0x00060f33  A0      : 0x801186ac  A1      : 0x3ffc4c60  
A2      : 0x3ffc6b78  A3      : 0x00000001  A4      : 0x00000001  A5      : 0x00000000  
A6      : 0x00000000  A7      : 0x00000000  A8      : 0x00000016  A9      : 0x00000000  
A10     : 0x000e6bea  A11     : 0x00010009  A12     : 0x00060120  A13     : 0x3ffb00e0  
A14     : 0x0000005b  A15     : 0x00060123  SAR     : 0x0000000a  EXCCAUSE: 0x0000001d  
EXCVADDR: 0x00000016  LBEG    : 0x00000000  LEND    : 0x00000000  LCOUNT  : 0x00000000  


Backtrace: 0x4011857f:0x3ffc4c60 0x401186a9:0x3ffc4c90 0x4011f89e:0x3ffc4cb0




ELF file SHA256: efb0888b6

Rebooting...
ets Jul 29 2019 12:21:46

rst:0xc (SW_CPU_RESET),boot:0x13 (SPI_FAST_FLASH_BOOT)
configsip: 0, SPIWP:0xee
clk_drv:0x00,q_drv:0x00,d_drv:0x00,cs0_drv:0x00,hd_drv:0x00,wp_drv:0x00
mode:DIO, clock div:2
load:0x3fff0040,len:6376
load:0x40078000,len:15900
ho 0 tail 12 room 4
load:0x40080400,len:3920
entry 0x40080644
[0;32mI (29) boot: ESP-IDF v6.1-dev-2002-gfa47e101d5 2nd stage bootloader[0m
[0;32mI (29) boot: compile time Jan 20 2026 15:07:02[0m
[0;32mI (29) boot: Multicore bootloader[0m
[0;32mI (32) boot: chip revision: v3.1[0m
[0;32mI (35) boot.esp32: SPI Speed      : 40MHz[0m
[0;32mI (39) boot.esp32: SPI Mode       : DIO[0m
[0;32mI (42) boot.esp32: SPI Flash Size : 2MB[0m
[0;32mI (46) boot: Enabling RNG early entropy source...[0m
[0;32mI (50) boot: Partition Table:[0m
[0;32mI (53) boot: ## Label            Usage          Type ST Offset   Length[0m
[0;32mI (59) boot:  0 nvs              WiFi data        01 02 00009000 00006000[0m
[0;32mI (66) boot:  1 phy_init         RF data          01 01 0000f000 00001000[0m
[0;32mI (72) boot:  2 factory          factory app      00 00 00010000 00100000[0m
[0;32mI (79) boot: End of partition table[0m
[0;32mI (82) esp_image: segment 0: paddr=00010020 vaddr=3f400020 size=348b4h (215220) map[0m
[0;32mI (166) esp_image: segment 1: paddr=000448dc vaddr=3ffb0000 size=02d04h ( 11524) load[0m
[0;32mI (171) esp_image: segment 2: paddr=000475e8 vaddr=40080000 size=08a30h ( 35376) load[0m
[0;32mI (186) esp_image: segment 3: paddr=00050020 vaddr=400d0020 size=51c80h (334976) map[0m
[0;32mI (305) esp_image: segment 4: paddr=000a1ca8 vaddr=40088a30 size=04480h ( 17536) load[0m
[0;32mI (313) esp_image: segment 5: paddr=000a6130 vaddr=50000000 size=00028h (    40) load[0m
[0;32mI (320) boot: Loaded app from partition at offset 0x10000[0m
[0;32mI (320) boot: Disabling RNG early entropy source...[0m
[0;32mI (331) cpu_start: Multicore app[0m
[0;32mI (339) cpu_start: GPIO 3 and 1 are used as console UART I/O pins[0m
[0;32mI (340) cpu_start: Pro cpu start user code[0m
[0;32mI (340) cpu_start: cpu freq: 160000000 Hz[0m
[0;32mI (341) app_init: Application information:[0m
[0;32mI (345) app_init: Project name:     horaWatchSoftware[0m
[0;32mI (350) app_init: App version:      fbc1c55-dirty[0m
[0;32mI (354) app_init: Compile time:     Jan 20 2026 15:07:06[0m
[0;32mI (360) app_init: ELF file SHA256:  efb0888b6...[0m
[0;32mI (364) app_init: ESP-IDF:          v6.1-dev-2002-gfa47e101d5[0m
[0;32mI (369) efuse_init: Min chip rev:     v0.0[0m
[0;32mI (373) efuse_init: Max chip rev:     v3.99 [0m
[0;32mI (377) efuse_init: Chip rev:         v3.1[0m
[0;32mI (381) heap_init: Initializing. RAM available for dynamic allocation:[0m
[0;32mI (387) heap_init: At 3FFAE6E0 len 00001920 (6 KiB): DRAM[0m
[0;32mI (392) heap_init: At 3FFC39D8 len 0001C628 (113 KiB): DRAM[0m
[0;32mI (398) heap_init: At 3FFE0440 len 00003AE0 (14 KiB): D/IRAM[0m
[0;32mI (403) heap_init: At 3FFE4350 len 0001BCB0 (111 KiB): D/IRAM[0m
[0;32mI (409) heap_init: At 4008CEB0 len 00013150 (76 KiB): IRAM[0m
[0;33mW (415) spi_flash: Detected boya flash chip but using generic driver. For optimal functionality, enable `SPI_FLASH_SUPPORT_BOYA_CHIP` in menuconfig[0m
[0;32mI (427) spi_flash: detected chip: generic[0m
[0;32mI (430) spi_flash: flash io: dio[0m
[0;33mW (433) spi_flash: Detected size(4096k) larger than the size in the binary image header(2048k). Using the size in the binary image header.[0m
[0;32mI (447) main_task: Started on CPU0[0m
[0;32mI (457) main_task: Calling app_main()[0m
[0;32mI (457) main: Booting horaWatchSoftware...[0m
[0;32mI (457) bsp: bsp_init(): init display + lvgl driver[0m
[0;32mI (457) disp_spi: init display + register LVGL driver[0m
[0;32mI (587) disp_spi: LVGL display registered (240x280, RGB565, no scaling)[0m
[0;32mI (587) app: app_init(): initializing state and UI[0m
[0;32mI (587) app: Starting LVGL widgets demo[0m
[0;32mI (1257) main_task: Returned from app_main()[0m
Guru Meditation Error: Core  0 panic'ed (StoreProhibited). Exception was unhandled.

Core  0 register dump:
PC      : 0x40118582  PS      : 0x00060f33  A0      : 0x801186ac  A1      : 0x3ffc4c60  
A2      : 0x3ffc6b78  A3      : 0x00000001  A4      : 0x00000001  A5      : 0x00000000  
A6      : 0x00000000  A7      : 0x00000000  A8      : 0x00000016  A9      : 0x00000000  
A10     : 0x000e6bea  A11     : 0x00010009  A12     : 0x00060120  A13     : 0x3ffb00e0  
A14     : 0x0000005b  A15     : 0x00060123  SAR     : 0x0000000a  EXCCAUSE: 0x0000001d  
EXCVADDR: 0x00000016  LBEG    : 0x00000000  LEND    : 0x00000000  LCOUNT  : 0x00000000  


Backtrace: 0x4011857f:0x3ffc4c60 0x401186a9:0x3ffc4c90 0x4011f89e:0x3ffc4cb0




ELF file SHA256: efb0888b6

Rebooting...
ets Jul 29 2019 12:21:46

rst:0xc (SW_CPU_RESET),boot:0x13 (SPI_FAST_FLASH_BOOT)
configsip: 0, SPIWP:0xee
clk_drv:0x00,q_drv:0x00,d_drv:0x00,cs0_drv:0x00,hd_drv:0x00,wp_drv:0x00
mode:DIO, clock div:2
load:0x3fff0040,len:6376
load:0x40078000,len:15900
ho 0 tail 12 room 4
load:0x40080400,len:3920
entry 0x40080644
[0;32mI (29) boot: ESP-IDF v6.1-dev-2002-gfa47e101d5 2nd stage bootloader[0m
[0;32mI (29) boot: compile time Jan 20 2026 15:07:02[0m
[0;32mI (29) boot: Multicore bootloader[0m
[0;32mI (32) boot: chip revision: v3.1[0m
[0;32mI (35) boot.esp32: SPI Speed      : 40MHz[0m
[0;32mI (39) boot.esp32: SPI Mode       : DIO[0m
[0;32mI (42) boot.esp32: SPI Flash Size : 2MB[0m
[0;32mI (46) boot: Enabling RNG early entropy source...[0m
[0;32mI (50) boot: Partition Table:[0m
[0;32mI (53) boot: ## Label            Usage          Type ST Offset   Length[0m
[0;32mI (59) boot:  0 nvs              WiFi data        01 02 00009000 00006000[0m
[0;32mI (66) boot:  1 phy_init         RF data          01 01 0000f000 00001000[0m
[0;32mI (72) boot:  2 factory          factory app      00 00 00010000 00100000[0m
[0;32mI (79) boot: End of partition table[0m
[0;32mI (82) esp_image: segment 0: paddr=00010020 vaddr=3f400020 size=348b4h (215220) map[0m
[0;32mI (166) esp_image: segment 1: paddr=000448dc vaddr=3ffb0000 size=02d04h ( 11524) load[0m
[0;32mI (171) esp_image: segment 2: paddr=000475e8 vaddr=40080000 size=08a30h ( 35376) load[0m
[0;32mI (186) esp_image: segment 3: paddr=00050020 vaddr=400d0020 size=51c80h (334976) map[0m
[0;32mI (305) esp_image: segment 4: paddr=000a1ca8 vaddr=40088a30 size=04480h ( 17536) load[0m
[0;32mI (313) esp_image: segment 5: paddr=000a6130 vaddr=50000000 size=00028h (    40) load[0m
[0;32mI (320) boot: Loaded app from partition at offset 0x10000[0m
[0;32mI (320) boot: Disabling RNG early entropy source...[0m
[0;32mI (331) cpu_start: Multicore app[0m
[0;32mI (339) cpu_start: GPIO 3 and 1 are used as console UART I/O pins[0m
[0;32mI (340) cpu_start: Pro cpu start user code[0m
[0;32mI (340) cpu_start: cpu freq: 160000000 Hz[0m
[0;32mI (341) app_init: Application information:[0m
[0;32mI (345) app_init: Project name:     horaWatchSoftware[0m
[0;32mI (350) app_init: App version:      fbc1c55-dirty[0m
[0;32mI (354) app_init: Compile time:     Jan 20 2026 15:07:06[0m
[0;32mI (360) app_init: ELF file SHA256:  efb0888b6...[0m
[0;32mI (364) app_init: ESP-IDF:          v6.1-dev-2002-gfa47e101d5[0m
[0;32mI (369) efuse_init: Min chip rev:     v0.0[0m
[0;32mI (373) efuse_init: Max chip rev:     v3.99 [0m
[0;32mI (377) efuse_init: Chip rev:         v3.1[0m
[0;32mI (381) heap_init: Initializing. RAM available for dynamic allocation:[0m
[0;32mI (387) heap_init: At 3FFAE6E0 len 00001920 (6 KiB): DRAM[0m
[0;32mI (392) heap_init: At 3FFC39D8 len 0001C628 (113 KiB): DRAM[0m
[0;32mI (398) heap_init: At 3FFE0440 len 00003AE0 (14 KiB): D/IRAM[0m
[0;32mI (403) heap_init: At 3FFE4350 len 0001BCB0 (111 KiB): D/IRAM[0m
[0;32mI (409) heap_init: At 4008CEB0 len 00013150 (76 KiB): IRAM[0m
[0;33mW (415) spi_flash: Detected boya flash chip but using generic driver. For optimal functionality, enable `SPI_FLASH_SUPPORT_BOYA_CHIP` in menuconfig[0m
[0;32mI (427) spi_flash: detected chip: generic[0m
[0;32mI (430) spi_flash: flash io: dio[0m
[0;33mW (433) spi_flash: Detected size(4096k) larger than the size in the binary image header(2048k). Using the size in the binary image header.[0m
[0;32mI (447) main_task: Started on CPU0[0m
[0;32mI (457) main_task: Calling app_main()[0m
[0;32mI (457) main: Booting horaWatchSoftware...[0m
[0;32mI (457) bsp: bsp_init(): init display + lvgl driver[0m
[0;32mI (457) disp_spi: init display + register LVGL driver[0m
[0;32mI (587) disp_spi: LVGL display registered (240x280, RGB565, no scaling)[0m
[0;32mI (587) app: app_init(): initializing state and UI[0m
[0;32mI (587) app: Starting LVGL widgets demo[0m
[0;32mI (1257) main_task: Returned from app_main()[0m
Guru Meditation Error: Core  0 panic'ed (StoreProhibited). Exception was unhandled.

Core  0 register dump:
PC      : 0x40118582  PS      : 0x00060f33  A0      : 0x801186ac  A1      : 0x3ffc4c60  
A2      : 0x3ffc6b78  A3      : 0x00000001  A4      : 0x00000001  A5      : 0x00000000  
A6      : 0x00000000  A7      : 0x00000000  A8      : 0x00000016  A9      : 0x00000000  
A10     : 0x000e6bea  A11     : 0x00010009  A12     : 0x00060120  A13     : 0x3ffb00e0  
A14     : 0x0000005b  A15     : 0x00060123  SAR     : 0x0000000a  EXCCAUSE: 0x0000001d  
EXCVADDR: 0x00000016  LBEG    : 0x00000000  LEND    : 0x00000000  LCOUNT  : 0x00000000  


Backtrace: 0x4011857f:0x3ffc4c60 0x401186a9:0x3ffc4c90 0x4011f89e:0x3ffc4cb0




ELF file SHA256: efb0888b6

Rebooting...
ets Jul 29 2019 12:21:46

rst:0xc (SW_CPU_RESET),boot:0x13 (SPI_FAST_FLASH_BOOT)
configsip: 0, SPIWP:0xee
clk_drv:0x00,q_drv:0x00,d_drv:0x00,cs0_drv:0x00,hd_drv:0x00,wp_drv:0x00
mode:DIO, clock div:2
load:0x3fff0040,len:6376
load:0x40078000,len:15900
ho 0 tail 12 room 4
load:0x40080400,len:3920
entry 0x40080644
[0;32mI (29) boot: ESP-IDF v6.1-dev-2002-gfa47e101d5 2nd stage bootloader[0m
[0;32mI (29) boot: compile time Jan 20 2026 15:07:02[0m
[0;32mI (29) boot: Multicore bootloader[0m
[0;32mI (32) boot: chip revision: v3.1[0m
[0;32mI (35) boot.esp32: SPI Speed      : 40MHz[0m
[0;32mI (39) boot.esp32: SPI Mode       : DIO[0m
[0;32mI (42) boot.esp32: SPI Flash Size : 2MB[0m
[0;32mI (46) boot: Enabling RNG early entropy source...[0m
[0;32mI (50) boot: Partition Table:[0m
[0;32mI (53) boot: ## Label            Usage          Type ST Offset   Length[0m
[0;32mI (59) boot:  0 nvs              WiFi data        01 02 00009000 00006000[0m
[0;32mI (66) boot:  1 phy_init         RF data          01 01 0000f000 00001000[0m
[0;32mI (72) boot:  2 factory          factory app      00 00 00010000 00100000[0m
[0;32mI (79) boot: End of partition table[0m
[0;32mI (82) esp_image: segment 0: paddr=00010020 vaddr=3f400020 size=348b4h (215220) map[0m
[0;32mI (166) esp_image: segment 1: paddr=000448dc vaddr=3ffb0000 size=02d04h ( 11524) load[0m
[0;32mI (171) esp_image: segment 2: paddr=000475e8 vaddr=40080000 size=08a30h ( 35376) load[0m
[0;32mI (186) esp_image: segment 3: paddr=00050020 vaddr=400d0020 size=51c80h (334976) map[0m
[0;32mI (305) esp_image: segment 4: paddr=000a1ca8 vaddr=40088a30 size=04480h ( 17536) load[0m
[0;32mI (313) esp_image: segment 5: paddr=000a6130 vaddr=50000000 size=00028h (    40) load[0m
[0;32mI (320) boot: Loaded app from partition at offset 0x10000[0m
[0;32mI (320) boot: Disabling RNG early entropy source...[0m
[0;32mI (331) cpu_start: Multicore app[0m
[0;32mI (339) cpu_start: GPIO 3 and 1 are used as console UART I/O pins[0m
[0;32mI (340) cpu_start: Pro cpu start user code[0m
[0;32mI (340) cpu_start: cpu freq: 160000000 Hz[0m
[0;32mI (341) app_init: Application information:[0m
[0;32mI (345) app_init: Project name:     horaWatchSoftware[0m
[0;32mI (350) app_init: App version:      fbc1c55-dirty[0m
[0;32mI (354) app_init: Compile time:     Jan 20 2026 15:07:06[0m
[0;32mI (360) app_init: ELF file SHA256:  efb0888b6...[0m
[0;32mI (364) app_init: ESP-IDF:          v6.1-dev-2002-gfa47e101d5[0m
[0;32mI (369) efuse_init: Min chip rev:     v0.0[0m
[0;32mI (373) efuse_init: Max chip rev:     v3.99 [0m
[0;32mI (377) efuse_init: Chip rev:         v3.1[0m
[0;32mI (381) heap_init: Initializing. RAM available for dynamic allocation:[0m
[0;32mI (387) heap_init: At 3FFAE6E0 len 00001920 (6 KiB): DRAM[0m
[0;32mI (392) heap_init: At 3FFC39D8 len 0001C628 (113 KiB): DRAM[0m
[0;32mI (398) heap_init: At 3FFE0440 len 00003AE0 (14 KiB): D/IRAM[0m
[0;32mI (403) heap_init: At 3FFE4350 len 0001BCB0 (111 KiB): D/IRAM[0m
[0;32mI (409) heap_init: At 4008CEB0 len 00013150 (76 KiB): IRAM[0m
[0;33mW (415) spi_flash: Detected boya flash chip but using generic driver. For optimal functionality, enable `SPI_FLASH_SUPPORT_BOYA_CHIP` in menuconfig[0m
[0;32mI (427) spi_flash: detected chip: generic[0m
[0;32mI (430) spi_flash: flash io: dio[0m
[0;33mW (433) spi_flash: Detected size(4096k) larger than the size in the binary image header(2048k). Using the size in the binary image header.[0m
[0;32mI (447) main_task: Started on CPU0[0m
[0;32mI (457) main_task: Calling app_main()[0m
[0;32mI (457) main: Booting horaWatchSoftware...[0m
[0;32mI (457) bsp: bsp_init(): init display + lvgl driver[0m
[0;32mI (457) disp_spi: init display + register LVGL driver[0m
[0;32mI (587) disp_spi: LVGL display registered (240x280, RGB565, no scaling)[0m
[0;32mI (587) app: app_init(): initializing state and UI[0m
[0;32mI (587) app: Starting LVGL widgets demo[0m
[0;32mI (1257) main_task: Returned from app_main()[0m
Guru Meditation Error: Core  0 panic'ed (StoreProhibited). Exception was unhandled.

Core  0 register dump:
PC      : 0x40118582  PS      : 0x00060f33  A0      : 0x801186ac  A1      : 0x3ffc4c60  
A2      : 0x3ffc6b78  A3      : 0x00000001  A4      : 0x00000001  A5      : 0x00000000  
A6      : 0x00000000  A7      : 0x00000000  A8      : 0x00000016  A9      : 0x00000000  
A10     : 0x000e6beb  A11     : 0x00010009  A12     : 0x00060120  A13     : 0x3ffb00e0  
A14     : 0x0000005b  A15     : 0x00060123  SAR     : 0x0000000a  EXCCAUSE: 0x0000001d  
EXCVADDR: 0x00000016  LBEG    : 0x00000000  LEND    : 0x00000000  LCOUNT  : 0x00000000  


Backtrace: 0x4011857f:0x3ffc4c60 0x401186a9:0x3ffc4c90 0x4011f89e:0x3ffc4cb0




ELF file SHA256: efb0888b6

Rebooting...
ets Jul 29 2019 12:21:46

rst:0xc (SW_CPU_RESET),boot:0x13 (SPI_FAST_FLASH_BOOT)
configsip: 0, SPIWP:0xee
clk_drv:0x00,q_drv:0x00,d_drv:0x00,cs0_drv:0x00,hd_drv:0x00,wp_drv:0x00
mode:DIO, clock div:2
load:0x3fff0040,len:6376
load:0x40078000,len:15900
ho 0 tail 12 room 4
load:0x40080400,len:3920
entry 0x40080644
[0;32mI (29) boot: ESP-IDF v6.1-dev-2002-gfa47e101d5 2nd stage bootloader[0m
[0;32mI (29) boot: compile time Jan 20 2026 15:07:02[0m
[0;32mI (29) boot: Multicore bootloader[0m
[0;32mI (32) boot: chip revision: v3.1[0m
[0;32mI (35) boot.esp32: SPI Speed      : 40MHz[0m
[0;32mI (39) boot.esp32: SPI Mode       : DIO[0m
[0;32mI (42) boot.esp32: SPI Flash Size : 2MB[0m
[0;32mI (46) boot: Enabling RNG early entropy source...[0m
[0;32mI (50) boot: Partition Table:[0m
[0;32mI (53) boot: ## Label            Usage          Type ST Offset   Length[0m
[0;32mI (59) boot:  0 nvs              WiFi data        01 02 00009000 00006000[0m
[0;32mI (66) boot:  1 phy_init         RF data          01 01 0000f000 00001000[0m
[0;32mI (72) boot:  2 factory          factory app      00 00 00010000 00100000[0m
[0;32mI (79) boot: End of partition table[0m
[0;32mI (82) esp_image: segment 0: paddr=00010020 vaddr=3f400020 size=348b4h (215220) map[0m
[0;32mI (166) esp_image: segment 1: paddr=000448dc vaddr=3ffb0000 size=02d04h ( 11524) load[0m
[0;32mI (171) esp_image: segment 2: paddr=000475e8 vaddr=40080000 size=08a30h ( 35376) load[0m
[0;32mI (186) esp_image: segment 3: paddr=00050020 vaddr=400d0020 size=51c80h (334976) map[0m
[0;32mI (305) esp_image: segment 4: paddr=000a1ca8 vaddr=40088a30 size=04480h ( 17536) load[0m
[0;32mI (313) esp_image: segment 5: paddr=000a6130 vaddr=50000000 size=00028h (    40) load[0m
[0;32mI (320) boot: Loaded app from partition at offset 0x10000[0m
[0;32mI (320) boot: Disabling RNG early entropy source...[0m
[0;32mI (331) cpu_start: Multicore app[0m
[0;32mI (339) cpu_start: GPIO 3 and 1 are used as console UART I/O pins[0m
[0;32mI (340) cpu_start: Pro cpu start user code[0m
[0;32mI (340) cpu_start: cpu freq: 160000000 Hz[0m
[0;32mI (341) app_init: Application information:[0m
[0;32mI (345) app_init: Project name:     horaWatchSoftware[0m
[0;32mI (350) app_init: App version:      fbc1c55-dirty[0m
[0;32mI (354) app_init: Compile time:     Jan 20 2026 15:07:06[0m
[0;32mI (360) app_init: ELF file SHA256:  efb0888b6...[0m
[0;32mI (364) app_init: ESP-IDF:          v6.1-dev-2002-gfa47e101d5[0m
[0;32mI (369) efuse_init: Min chip rev:     v0.0[0m
[0;32mI (373) efuse_init: Max chip rev:     v3.99 [0m
[0;32mI (377) efuse_init: Chip rev:         v3.1[0m
[0;32mI (381) heap_init: Initializing. RAM available for dynamic allocation:[0m
[0;32mI (387) heap_init: At 3FFAE6E0 len 00001920 (6 KiB): DRAM[0m
[0;32mI (392) heap_init: At 3FFC39D8 len 0001C628 (113 KiB): DRAM[0m
[0;32mI (398) heap_init: At 3FFE0440 len 00003AE0 (14 KiB): D/IRAM[0m
[0;32mI (403) heap_init: At 3FFE4350 len 0001BCB0 (111 KiB): D/IRAM[0m
[0;32mI (409) heap_init: At 4008CEB0 len 00013150 (76 KiB): IRAM[0m
[0;33mW (415) spi_flash: Detected boya flash chip but using generic driver. For optimal functionality, enable `SPI_FLASH_SUPPORT_BOYA_CHIP` in menuconfig[0m
[0;32mI (427) spi_flash: detected chip: generic[0m
[0;32mI (430) spi_flash: flash io: dio[0m
[0;33mW (433) spi_flash: Detected size(4096k) larger than the size in the binary image header(2048k). Using the size in the binary image header.[0m
[0;32mI (447) main_task: Started on CPU0[0m
[0;32mI (457) main_task: Calling app_main()[0m
[0;32mI (457) main: Booting horaWatchSoftware...[0m
[0;32mI (457) bsp: bsp_init(): init display + lvgl driver[0m
[0;32mI (457) disp_spi: init display + register LVGL driver[0m
[0;32mI (587) disp_spi: LVGL display registered (240x280, RGB565, no scaling)[0m
[0;32mI (587) app: app_init(): initializing state and UI[0m
[0;32mI (587) app: Starting LVGL widgets demo[0m
[0;32mI (1257) main_task: Returned from app_main()[0m
Guru Meditation Error: Core  0 panic'ed (StoreProhibited). Exception was unhandled.

Core  0 register dump:
PC      : 0x40118582  PS      : 0x00060f33  A0      : 0x801186ac  A1      : 0x3ffc4c60  
A2      : 0x3ffc6b78  A3      : 0x00000001  A4      : 0x00000001  A5      : 0x00000000  
A6      : 0x00000000  A7      : 0x00000000  A8      : 0x00000016  A9      : 0x00000000  
A10     : 0x000e6bea  A11     : 0x00010009  A12     : 0x00060120  A13     : 0x3ffb00e0  
A14     : 0x0000005b  A15     : 0x00060123  SAR     : 0x0000000a  EXCCAUSE: 0x0000001d  
EXCVADDR: 0x00000016  LBEG    : 0x00000000  LEND    : 0x00000000  LCOUNT  : 0x00000000  


Backtrace: 0x4011857f:0x3ffc4c60 0x401186a9:0x3ffc4c90 0x4011f89e:0x3ffc4cb0




ELF file SHA256: efb0888b6

Rebooting...
ets Jul 29 2019 12:21:46

rst:0xc (SW_CPU_RESET),boot:0x13 (SPI_FAST_FLASH_BOOT)
configsip: 0, SPIWP:0xee
clk_drv:0x00,q_drv:0x00,d_drv:0x00,cs0_drv:0x00,hd_drv:0x00,wp_drv:0x00
mode:DIO, clock div:2
load:0x3fff0040,len:6376
load:0x40078000,len:15900
ho 0 tail 12 room 4
load:0x40080400,len:3920
entry 0x40080644
[0;32mI (29) boot: ESP-IDF v6.1-dev-2002-gfa47e101d5 2nd stage bootloader[0m
[0;32mI (29) boot: compile time Jan 20 2026 15:07:02[0m
[0;32mI (29) boot: Multicore bootloader[0m
[0;32mI (32) boot: chip revision: v3.1[0m
[0;32mI (35) boot.esp32: SPI Speed      : 40MHz[0m
[0;32mI (39) boot.esp32: SPI Mode       : DIO[0m
[0;32mI (42) boot.esp32: SPI Flash Size : 2MB[0m
[0;32mI (46) boot: Enabling RNG early entropy source...[0m
[0;32mI (50) boot: Partition Table:[0m
[0;32mI (53) boot: ## Label            Usage          Type ST Offset   Length[0m
[0;32mI (59) boot:  0 nvs              WiFi data        01 02 00009000 00006000[0m
[0;32mI (66) boot:  1 phy_init         RF data          01 01 0000f000 00001000[0m
[0;32mI (72) boot:  2 factory          factory app      00 00 00010000 00100000[0m
[0;32mI (79) boot: End of partition table[0m
[0;32mI (82) esp_image: segment 0: paddr=00010020 vaddr=3f400020 size=348b4h (215220) map[0m
[0;32mI (166) esp_image: segment 1: paddr=000448dc vaddr=3ffb0000 size=02d04h ( 11524) load[0m
[0;32mI (171) esp_image: segment 2: paddr=000475e8 vaddr=40080000 size=08a30h ( 35376) load[0m
[0;32mI (186) esp_image: segment 3: paddr=00050020 vaddr=400d0020 size=51c80h (334976) map[0m
[0;32mI (305) esp_image: segment 4: paddr=000a1ca8 vaddr=40088a30 size=04480h ( 17536) load[0m
[0;32mI (313) esp_image: segment 5: paddr=000a6130 vaddr=50000000 size=00028h (    40) load[0m
[0;32mI (320) boot: Loaded app from partition at offset 0x10000[0m
[0;32mI (320) boot: Disabling RNG early entropy source...[0m
[0;32mI (331) cpu_start: Multicore app[0m
[0;32mI (339) cpu_start: GPIO 3 and 1 are used as console UART I/O pins[0m
[0;32mI (340) cpu_start: Pro cpu start user code[0m
[0;32mI (340) cpu_start: cpu freq: 160000000 Hz[0m
[0;32mI (341) app_init: Application information:[0m
[0;32mI (345) app_init: Project name:     horaWatchSoftware[0m
[0;32mI (350) app_init: App version:      fbc1c55-dirty[0m
[0;32mI (354) app_init: Compile time:     Jan 20 2026 15:07:06[0m
[0;32mI (360) app_init: ELF file SHA256:  efb0888b6...[0m
[0;32mI (364) app_init: ESP-IDF:          v6.1-dev-2002-gfa47e101d5[0m
[0;32mI (369) efuse_init: Min chip rev:     v0.0[0m
[0;32mI (373) efuse_init: Max chip rev:     v3.99 [0m
[0;32mI (377) efuse_init: Chip rev:         v3.1[0m
[0;32mI (381) heap_init: Initializing. RAM available for dynamic allocation:[0m
[0;32mI (387) heap_init: At 3FFAE6E0 len 00001920 (6 KiB): DRAM[0m
[0;32mI (392) heap_init: At 3FFC39D8 len 0001C628 (113 KiB): DRAM[0m
[0;32mI (398) heap_init: At 3FFE0440 len 00003AE0 (14 KiB): D/IRAM[0m
[0;32mI (403) heap_init: At 3FFE4350 len 0001BCB0 (111 KiB): D/IRAM[0m
[0;32mI (409) heap_init: At 4008CEB0 len 00013150 (76 KiB): IRAM[0m
[0;33mW (415) spi_flash: Detected boya flash chip but using generic driver. For optimal functionality, enable `SPI_FLASH_SUPPORT_BOYA_CHIP` in menuconfig[0m
[0;32mI (427) spi_flash: detected chip: generic[0m
[0;32mI (430) spi_flash: flash io: dio[0m
[0;33mW (433) spi_flash: Detected size(4096k) larger than the size in the binary image header(2048k). Using the size in the binary image header.[0m
[0;32mI (447) main_task: Started on CPU0[0m
[0;32mI (457) main_task: Calling app_main()[0m
[0;32mI (457) main: Booting horaWatchSoftware...[0m
[0;32mI (457) bsp: bsp_init(): init display + lvgl driver[0m
[0;32mI (457) disp_spi: init display + register LVGL driver[0m
[0;32mI (587) disp_spi: LVGL display registered (240x280, RGB565, no scaling)[0m
[0;32mI (587) app: app_init(): initializing state and UI[0m
[0;32mI (587) app: Starting LVGL widgets demo[0m
[0;32mI (1257) main_task: Returned from app_main()[0m
Guru Meditation Error: Core  0 panic'ed (StoreProhibited). Exception was unhandled.

Core  0 register dump:
PC      : 0x40118582  PS      : 0x00060f33  A0      : 0x801186ac  A1      : 0x3ffc4c60  
A2      : 0x3ffc6b78  A3      : 0x00000001  A4      : 0x00000001  A5      : 0x00000000  
A6      : 0x00000000  A7      : 0x00000000  A8      : 0x00000016  A9      : 0x00000000  
A10     : 0x000e6bea  A11     : 0x00010009  A12     : 0x00060120  A13     : 0x3ffb00e0  
A14     : 0x0000005b  A15     : 0x00060123  SAR     : 0x0000000a  EXCCAUSE: 0x0000001d  
EXCVADDR: 0x00000016  LBEG    : 0x00000000  LEND    : 0x00000000  LCOUNT  : 0x00000000  


Backtrace: 0x4011857f:0x3ffc4c60 0x401186a9:0x3ffc4c90 0x4011f89e:0x3ffc4cb0




ELF file SHA256: efb0888b6

Rebooting...
ets Jul 29 2019 12:21:46

rst:0xc (SW_CPU_RESET),boot:0x13 (SPI_FAST_FLASH_BOOT)
configsip: 0, SPIWP:0xee
clk_drv:0x00,q_drv:0x00,d_drv:0x00,cs0_drv:0x00,hd_drv:0x00,wp_drv:0x00
mode:DIO, clock div:2
load:0x3fff0040,len:6376
load:0x40078000,len:15900
ho 0 tail 12 room 4
load:0x40080400,len:3920
entry 0x40080644
[0;32mI (29) boot: ESP-IDF v6.1-dev-2002-gfa47e101d5 2nd stage bootloader[0m
[0;32mI (29) boot: compile time Jan 20 2026 15:07:02[0m
[0;32mI (29) boot: Multicore bootloader[0m
[0;32mI (32) boot: chip revision: v3.1[0m
[0;32mI (35) boot.esp32: SPI Speed      : 40MHz[0m
[0;32mI (39) boot.esp32: SPI Mode       : DIO[0m
[0;32mI (42) boot.esp32: SPI Flash Size : 2MB[0m
[0;32mI (46) boot: Enabling RNG early entropy source...[0m
[0;32mI (50) boot: Partition Table:[0m
[0;32mI (53) boot: ## Label            Usage          Type ST Offset   Length[0m
[0;32mI (59) boot:  0 nvs              WiFi data        01 02 00009000 00006000[0m
[0;32mI (66) boot:  1 phy_init         RF data          01 01 0000f000 00001000[0m
[0;32mI (72) boot:  2 factory          factory app      00 00 00010000 00100000[0m
[0;32mI (79) boot: End of partition table[0m
[0;32mI (82) esp_image: segment 0: paddr=00010020 vaddr=3f400020 size=348b4h (215220) map[0m
[0;32mI (166) esp_image: segment 1: paddr=000448dc vaddr=3ffb0000 size=02d04h ( 11524) load[0m
[0;32mI (171) esp_image: segment 2: paddr=000475e8 vaddr=40080000 size=08a30h ( 35376) load[0m
[0;32mI (186) esp_image: segment 3: paddr=00050020 vaddr=400d0020 size=51c80h (334976) map[0m
[0;32mI (305) esp_image: segment 4: paddr=000a1ca8 vaddr=40088a30 size=04480h ( 17536) load[0m
[0;32mI (313) esp_image: segment 5: paddr=000a6130 vaddr=50000000 size=00028h (    40) load[0m
[0;32mI (320) boot: Loaded app from partition at offset 0x10000[0m
[0;32mI (320) boot: Disabling RNG early entropy source...[0m
[0;32mI (331) cpu_start: Multicore app[0m
[0;32mI (339) cpu_start: GPIO 3 and 1 are used as console UART I/O pins[0m
[0;32mI (340) cpu_start: Pro cpu start user code[0m
[0;32mI (340) cpu_start: cpu freq: 160000000 Hz[0m
[0;32mI (342) app_init: Application information:[0m
[0;32mI (345) app_init: Project name:     horaWatchSoftware[0m
[0;32mI (350) app_init: App version:      fbc1c55-dirty[0m
[0;32mI (354) app_init: Compile time:     Jan 20 2026 15:07:06[0m
[0;32mI (360) app_init: ELF file SHA256:  efb0888b6...[0m
[0;32mI (364) app_init: ESP-IDF:          v6.1-dev-2002-gfa47e101d5[0m
[0;32mI (369) efuse_init: Min chip rev:     v0.0[0m
[0;32mI (373) efuse_init: Max chip rev:     v3.99 [0m
[0;32mI (377) efuse_init: Chip rev:         v3.1[0m
[0;32mI (381) heap_init: Initializing. RAM available for dynamic allocation:[0m
[0;32mI (387) heap_init: At 3FFAE6E0 len 00001920 (6 KiB): DRAM[0m
[0;32mI (392) heap_init: At 3FFC39D8 len 0001C628 (113 KiB): DRAM[0m
[0;32mI (398) heap_init: At 3FFE0440 len 00003AE0 (14 KiB): D/IRAM[0m
[0;32mI (403) heap_init: At 3FFE4350 len 0001BCB0 (111 KiB): D/IRAM[0m
[0;32mI (409) heap_init: At 4008CEB0 len 00013150 (76 KiB): IRAM[0m
[0;33mW (415) spi_flash: Detected boya flash chip but using generic driver. For optimal functionality, enable `SPI_FLASH_SUPPORT_BOYA_CHIP` in menuconfig[0m
[0;32mI (427) spi_flash: detected chip: generic[0m
[0;32mI (430) spi_flash: flash io: dio[0m
[0;33mW (433) spi_flash: Detected size(4096k) larger than the size in the binary image header(2048k). Using the size in the binary image header.[0m
[0;32mI (447) main_task: Started on CPU0[0m
[0;32mI (457) main_task: Calling app_main()[0m
[0;32mI (457) main: Booting horaWatchSoftware...[0m
[0;32mI (457) bsp: bsp_init(): init display + lvgl driver[0m
[0;32mI (457) disp_spi: init display + register LVGL driver[0m
[0;32mI (587) disp_spi: LVGL display registered (240x280, RGB565, no scaling)[0m
[0;32mI (587) app: app_init(): initializing state and UI[0m
[0;32mI (587) app: Starting LVGL widgets demo[0m
[0;32mI (1257) main_task: Returned from app_main()[0m
Guru Meditation Error: Core  0 panic'ed (StoreProhibited). Exception was unhandled.

Core  0 register dump:
PC      : 0x40118582  PS      : 0x00060f33  A0      : 0x801186ac  A1      : 0x3ffc4c60  
A2      : 0x3ffc6b78  A3      : 0x00000001  A4      : 0x00000001  A5      : 0x00000000  
A6      : 0x00000000  A7      : 0x00000000  A8      : 0x00000016  A9      : 0x00000000  
A10     : 0x000e6be5  A11     : 0x00010009  A12     : 0x00060120  A13     : 0x3ffb00e0  
A14     : 0x0000005b  A15     : 0x00060123  SAR     : 0x0000000a  EXCCAUSE: 0x0000001d  
EXCVADDR: 0x00000016  LBEG    : 0x00000000  LEND    : 0x00000000  LCOUNT  : 0x00000000  


Backtrace: 0x4011857f:0x3ffc4c60 0x401186a9:0x3ffc4c90 0x4011f89e:0x3ffc4cb0




ELF file SHA256: efb0888b6

Rebooting...
ets Jul 29 2019 12:21:46

rst:0xc (SW_CPU_RESET),boot:0x13 (SPI_FAST_FLASH_BOOT)
configsip: 0, SPIWP:0xee
clk_drv:0x00,q_drv:0x00,d_drv:0x00,cs0_drv:0x00,hd_drv:0x00,wp_drv:0x00
mode:DIO, clock div:2
load:0x3fff0040,len:6376
load:0x40078000,len:15900
ho 0 tail 12 room 4
load:0x40080400,len:3920
entry 0x40080644
[0;32mI (29) boot: ESP-IDF v6.1-dev-2002-gfa47e101d5 2nd stage bootloader[0m
[0;32mI (29) boot: compile time Jan 20 2026 15:07:02[0m
[0;32mI (29) boot: Multicore bootloader[0m
[0;32mI (32) boot: chip revision: v3.1[0m
[0;32mI (35) boot.esp32: SPI Speed      : 40MHz[0m
[0;32mI (39) boot.esp32: SPI Mode       : DIO[0m
[0;32mI (42) boot.esp32: SPI Flash Size : 2MB[0m
[0;32mI (46) boot: Enabling RNG early entropy source...[0m
[0;32mI (50) boot: Partition Table:[0m
[0;32mI (53) boot: ## Label            Usage          Type ST Offset   Length[0m
[0;32mI (59) boot:  0 nvs              WiFi data        01 02 00009000 00006000[0m
[0;32mI (66) boot:  1 phy_init         RF data          01 01 0000f000 00001000[0m
[0;32mI (72) boot:  2 factory          factory app      00 00 00010000 00100000[0m
[0;32mI (79) boot: End of partition table[0m
[0;32mI (82) esp_image: segment 0: paddr=00010020 vaddr=3f400020 size=348b4h (215220) map[0m
[0;32mI (166) esp_image: segment 1: paddr=000448dc vaddr=3ffb0000 size=02d04h ( 11524) load[0m
[0;32mI (171) esp_image: segment 2: paddr=000475e8 vaddr=40080000 size=08a30h ( 35376) load[0m
[0;32mI (186) esp_image: segment 3: paddr=00050020 vaddr=400d0020 size=51c80h (334976) map[0m
[0;32mI (305) esp_image: segment 4: paddr=000a1ca8 vaddr=40088a30 size=04480h ( 17536) load[0m
[0;32mI (313) esp_image: segment 5: paddr=000a6130 vaddr=50000000 size=00028h (    40) load[0m
[0;32mI (320) boot: Loaded app from partition at offset 0x10000[0m
[0;32mI (320) boot: Disabling RNG early entropy source...[0m
[0;32mI (331) cpu_start: Multicore app[0m
[0;32mI (339) cpu_start: GPIO 3 and 1 are used as console UART I/O pins[0m
[0;32mI (340) cpu_start: Pro cpu start user code[0m
[0;32mI (340) cpu_start: cpu freq: 160000000 Hz[0m
[0;32mI (341) app_init: Application information:[0m
[0;32mI (345) app_init: Project name:     horaWatchSoftware[0m
[0;32mI (350) app_init: App version:      fbc1c55-dirty[0m
[0;32mI (354) app_init: Compile time:     Jan 20 2026 15:07:06[0m
[0;32mI (360) app_init: ELF file SHA256:  efb0888b6...[0m
[0;32mI (364) app_init: ESP-IDF:          v6.1-dev-2002-gfa47e101d5[0m
[0;32mI (369) efuse_init: Min chip rev:     v0.0[0m
[0;32mI (373) efuse_init: Max chip rev:     v3.99 [0m
[0;32mI (377) efuse_init: Chip rev:         v3.1[0m
[0;32mI (381) heap_init: Initializing. RAM available for dynamic allocation:[0m
[0;32mI (387) heap_init: At 3FFAE6E0 len 00001920 (6 KiB): DRAM[0m
[0;32mI (392) heap_init: At 3FFC39D8 len 0001C628 (113 KiB): DRAM[0m
[0;32mI (398) heap_init: At 3FFE0440 len 00003AE0 (14 KiB): D/IRAM[0m
[0;32mI (403) heap_init: At 3FFE4350 len 0001BCB0 (111 KiB): D/IRAM[0m
[0;32mI (409) heap_init: At 4008CEB0 len 00013150 (76 KiB): IRAM[0m
[0;33mW (415) spi_flash: Detected boya flash chip but using generic driver. For optimal functionality, enable `SPI_FLASH_SUPPORT_BOYA_CHIP` in menuconfig[0m
[0;32mI (427) spi_flash: detected chip: generic[0m
[0;32mI (430) spi_flash: flash io: dio[0m
[0;33mW (433) spi_flash: Detected size(4096k) larger than the size in the binary image header(2048k). Using the size in the binary image header.[0m
[0;32mI (447) main_task: Started on CPU0[0m
[0;32mI (457) main_task: Calling app_main()[0m
[0;32mI (457) main: Booting horaWatchSoftware...[0m
[0;32mI (457) bsp: bsp_init(): init display + lvgl driver[0m
[0;32mI (457) disp_spi: init display + register LVGL driver[0m
[0;32mI (587) disp_spi: LVGL display registered (240x280, RGB565, no scaling)[0m
[0;32mI (587) app: app_init(): initializing state and UI[0m
[0;32mI (587) app: Starting LVGL widgets demo[0m
[0;32mI (1257) main_task: Returned from app_main()[0m
Guru Meditation Error: Core  0 panic'ed (StoreProhibited). Exception was unhandled.

Core  0 register dump:
PC      : 0x40118582  PS      : 0x00060f33  A0      : 0x801186ac  A1      : 0x3ffc4c60  
A2      : 0x3ffc6b78  A3      : 0x00000001  A4      : 0x00000001  A5      : 0x00000000  
A6      : 0x00000000  A7      : 0x00000000  A8      : 0x00000016  A9      : 0x00000000  
A10     : 0x000e6beb  A11     : 0x00010009  A12     : 0x00060120  A13     : 0x3ffb00e0  
A14     : 0x0000005b  A15     : 0x00060123  SAR     : 0x0000000a  EXCCAUSE: 0x0000001d  
EXCVADDR: 0x00000016  LBEG    : 0x00000000  LEND    : 0x00000000  LCOUNT  : 0x00000000  


Backtrace: 0x4011857f:0x3ffc4c60 0x401186a9:0x3ffc4c90 0x4011f89e:0x3ffc4cb0




ELF file SHA256: efb0888b6

Rebooting...
ets Jul 29 2019 12:21:46

rst:0xc (SW_CPU_RESET),boot:0x13 (SPI_FAST_FLASH_BOOT)
configsip: 0, SPIWP:0xee
clk_drv:0x00,q_drv:0x00,d_drv:0x00,cs0_drv:0x00,hd_drv:0x00,wp_drv:0x00
mode:DIO, clock div:2
load:0x3fff0040,len:6376
load:0x40078000,len:15900
ho 0 tail 12 room 4
load:0x40080400,len:3920
entry 0x40080644
[0;32mI (29) boot: ESP-IDF v6.1-dev-2002-gfa47e101d5 2nd stage bootloader[0m
[0;32mI (29) boot: compile time Jan 20 2026 15:07:02[0m
[0;32mI (29) boot: Multicore bootloader[0m
[0;32mI (32) boot: chip revision: v3.1[0m
[0;32mI (35) boot.esp32: SPI Speed      : 40MHz[0m
[0;32mI (39) boot.esp32: SPI Mode       : DIO[0m
[0;32mI (42) boot.esp32: SPI Flash Size : 2MB[0m
[0;32mI (46) boot: Enabling RNG early entropy source...[0m
[0;32mI (50) boot: Partition Table:[0m
[0;32mI (53) boot: ## Label            Usage          Type ST Offset   Length[0m
[0;32mI (59) boot:  0 nvs              WiFi data        01 02 00009000 00006000[0m
[0;32mI (66) boot:  1 phy_init         RF data          01 01 0000f000 00001000[0m
[0;32mI (72) boot:  2 factory          factory app      00 00 00010000 00100000[0m
[0;32mI (79) boot: End of partition table[0m
[0;32mI (82) esp_image: segment 0: paddr=00010020 vaddr=3f400020 size=348b4h (215220) map[0m
[0;32mI (166) esp_image: segment 1: paddr=000448dc vaddr=3ffb0000 size=02d04h ( 11524) load[0m
[0;32mI (171) esp_image: segment 2: paddr=000475e8 vaddr=40080000 size=08a30h ( 35376) load[0m
[0;32mI (186) esp_image: segment 3: paddr=00050020 vaddr=400d0020 size=51c80h (334976) map[0m
[0;32mI (305) esp_image: segment 4: paddr=000a1ca8 vaddr=40088a30 size=04480h ( 17536) load[0m
[0;32mI (313) esp_image: segment 5: paddr=000a6130 vaddr=50000000 size=00028h (    40) load[0m
[0;32mI (320) boot: Loaded app from partition at offset 0x10000[0m
[0;32mI (320) boot: Disabling RNG early entropy source...[0m
[0;32mI (331) cpu_start: Multicore app[0m
[0;32mI (339) cpu_start: GPIO 3 and 1 are used as console UART I/O pins[0m
[0;32mI (340) cpu_start: Pro cpu start user code[0m
[0;32mI (340) cpu_start: cpu freq: 160000000 Hz[0m
[0;32mI (341) app_init: Application information:[0m
[0;32mI (345) app_init: Project name:     horaWatchSoftware[0m
[0;32mI (350) app_init: App version:      fbc1c55-dirty[0m
[0;32mI (354) app_init: Compile time:     Jan 20 2026 15:07:06[0m
[0;32mI (360) app_init: ELF file SHA256:  efb0888b6...[0m
[0;32mI (364) app_init: ESP-IDF:          v6.1-dev-2002-gfa47e101d5[0m
[0;32mI (369) efuse_init: Min chip rev:     v0.0[0m
[0;32mI (373) efuse_init: Max chip rev:     v3.99 [0m
[0;32mI (377) efuse_init: Chip rev:         v3.1[0m
[0;32mI (381) heap_init: Initializing. RAM available for dynamic allocation:[0m
[0;32mI (387) heap_init: At 3FFAE6E0 len 00001920 (6 KiB): DRAM[0m
[0;32mI (392) heap_init: At 3FFC39D8 len 0001C628 (113 KiB): DRAM[0m
[0;32mI (398) heap_init: At 3FFE0440 len 00003AE0 (14 KiB): D/IRAM[0m
[0;32mI (403) heap_init: At 3FFE4350 len 0001BCB0 (111 KiB): D/IRAM[0m
[0;32mI (409) heap_init: At 4008CEB0 len 00013150 (76 KiB): IRAM[0m
[0;33mW (415) spi_flash: Detected boya flash chip but using generic driver. For optimal functionality, enable `SPI_FLASH_SUPPORT_BOYA_CHIP` in menuconfig[0m
[0;32mI (427) spi_flash: detected chip: generic[0m
[0;32mI (430) spi_flash: flash io: dio[0m
[0;33mW (433) spi_flash: Detected size(4096k) larger than the size in the binary image header(2048k). Using the size in the binary image header.[0m
[0;32mI (447) main_task: Started on CPU0[0m
[0;32mI (457) main_task: Calling app_main()[0m
[0;32mI (457) main: Booting horaWatchSoftware...[0m
[0;32mI (457) bsp: bsp_init(): init display + lvgl driver[0m
[0;32mI (457) disp_spi: init display + register LVGL driver[0m
[0;32mI (587) disp_spi: LVGL display registered (240x280, RGB565, no scaling)[0m
[0;32mI (587) app: app_init(): initializing state and UI[0m
[0;32mI (587) app: Starting LVGL widgets demo[0m
[0;32mI (1257) main_task: Returned from app_main()[0m
Guru Meditation Error: Core  0 panic'ed (StoreProhibited). Exception was unhandled.

Core  0 register dump:
PC      : 0x40118582  PS      : 0x00060f33  A0      : 0x801186ac  A1      : 0x3ffc4c60  
A2      : 0x3ffc6b78  A3      : 0x00000001  A4      : 0x00000001  A5      : 0x00000000  
A6      : 0x00000000  A7      : 0x00000000  A8      : 0x00000016  A9      : 0x00000000  
A10     : 0x000e6bea  A11     : 0x00010009  A12     : 0x00060120  A13     : 0x3ffb00e0  
A14     : 0x0000005b  A15     : 0x00060123  SAR     : 0x0000000a  EXCCAUSE: 0x0000001d  
EXCVADDR: 0x00000016  LBEG    : 0x00000000  LEND    : 0x00000000  LCOUNT  : 0x00000000  


Backtrace: 0x4011857f:0x3ffc4c60 0x401186a9:0x3ffc4c90 0x4011f89e:0x3ffc4cb0




ELF file SHA256: efb0888b6

Rebooting...
ets Jul 29 2019 12:21:46

rst:0xc (SW_CPU_RESET),boot:0x13 (SPI_FAST_FLASH_BOOT)
configsip: 0, SPIWP:0xee
clk_drv:0x00,q_drv:0x00,d_drv:0x00,cs0_drv:0x00,hd_drv:0x00,wp_drv:0x00
mode:DIO, clock div:2
load:0x3fff0040,len:6376
load:0x40078000,len:15900
ho 0 tail 12 room 4
load:0x40080400,len:3920
entry 0x40080644
[0;32mI (29) boot: ESP-IDF v6.1-dev-2002-gfa47e101d5 2nd stage bootloader[0m
[0;32mI (29) boot: compile time Jan 20 2026 15:07:02[0m
[0;32mI (29) boot: Multicore bootloader[0m
[0;32mI (32) boot: chip revision: v3.1[0m
[0;32mI (35) boot.esp32: SPI Speed      : 40MHz[0m
[0;32mI (39) boot.esp32: SPI Mode       : DIO[0m
[0;32mI (42) boot.esp32: SPI Flash Size : 2MB[0m
[0;32mI (46) boot: Enabling RNG early entropy source...[0m
[0;32mI (50) boot: Partition Table:[0m
[0;32mI (53) boot: ## Label            Usage          Type ST Offset   Length[0m
[0;32mI (59) boot:  0 nvs              WiFi data        01 02 00009000 00006000[0m
[0;32mI (66) boot:  1 phy_init         RF data          01 01 0000f000 00001000[0m
[0;32mI (72) boot:  2 factory          factory app      00 00 00010000 00100000[0m
[0;32mI (79) boot: End of partition table[0m
[0;32mI (82) esp_image: segment 0: paddr=00010020 vaddr=3f400020 size=348b4h (215220) map[0m
[0;32mI (166) esp_image: segment 1: paddr=000448dc vaddr=3ffb0000 size=02d04h ( 11524) load[0m
[0;32mI (171) esp_image: segment 2: paddr=000475e8 vaddr=40080000 size=08a30h ( 35376) load[0m
[0;32mI (186) esp_image: segment 3: paddr=00050020 vaddr=400d0020 size=51c80h (334976) map[0m
[0;32mI (305) esp_image: segment 4: paddr=000a1ca8 vaddr=40088a30 size=04480h ( 17536) load[0m
[0;32mI (313) esp_image: segment 5: paddr=000a6130 vaddr=50000000 size=00028h (    40) load[0m
[0;32mI (320) boot: Loaded app from partition at offset 0x10000[0m
[0;32mI (320) boot: Disabling RNG early entropy source...[0m
[0;32mI (331) cpu_start: Multicore app[0m
[0;32mI (339) cpu_start: GPIO 3 and 1 are used as console UART I/O pins[0m
[0;32mI (340) cpu_start: Pro cpu start user code[0m
[0;32mI (340) cpu_start: cpu freq: 160000000 Hz[0m
[0;32mI (341) app_init: Application information:[0m
[0;32mI (345) app_init: Project name:     horaWatchSoftware[0m
[0;32mI (350) app_init: App version:      fbc1c55-dirty[0m
[0;32mI (354) app_init: Compile time:     Jan 20 2026 15:07:06[0m
[0;32mI (360) app_init: ELF file SHA256:  efb0888b6...[0m
[0;32mI (364) app_init: ESP-IDF:          v6.1-dev-2002-gfa47e101d5[0m
[0;32mI (369) efuse_init: Min chip rev:     v0.0[0m
[0;32mI (373) efuse_init: Max chip rev:     v3.99 [0m
[0;32mI (377) efuse_init: Chip rev:         v3.1[0m
[0;32mI (381) heap_init: Initializing. RAM available for dynamic allocation:[0m
[0;32mI (387) heap_init: At 3FFAE6E0 len 00001920 (6 KiB): DRAM[0m
[0;32mI (392) heap_init: At 3FFC39D8 len 0001C628 (113 KiB): DRAM[0m
[0;32mI (398) heap_init: At 3FFE0440 len 00003AE0 (14 KiB): D/IRAM[0m
[0;32mI (403) heap_init: At 3FFE4350 len 0001BCB0 (111 KiB): D/IRAM[0m
[0;32mI (409) heap_init: At 4008CEB0 len 00013150 (76 KiB): IRAM[0m
[0;33mW (415) spi_flash: Detected boya flash chip but using generic driver. For optimal functionality, enable `SPI_FLASH_SUPPORT_BOYA_CHIP` in menuconfig[0m
[0;32mI (427) spi_flash: detected chip: generic[0m
[0;32mI (430) spi_flash: flash io: dio[0m
[0;33mW (433) spi_flash: Detected size(4096k) larger than the size in the binary image header(2048k). Using the size in the binary image header.[0m
[0;32mI (447) main_task: Started on CPU0[0m
[0;32mI (457) main_task: Calling app_main()[0m
[0;32mI (457) main: Booting horaWatchSoftware...[0m
[0;32mI (457) bsp: bsp_init(): init display + lvgl driver[0m
[0;32mI (457) disp_spi: init display + register LVGL driver[0m
[0;32mI (587) disp_spi: LVGL display registered (240x280, RGB565, no scaling)[0m
[0;32mI (587) app: app_init(): initializing state and UI[0m
[0;32mI (587) app: Starting LVGL widgets demo[0m
[0;32mI (1257) main_task: Returned from app_main()[0m
Guru Meditation Error: Core  0 panic'ed (StoreProhibited). Exception was unhandled.

Core  0 register dump:
PC      : 0x40118582  PS      : 0x00060f33  A0      : 0x801186ac  A1      : 0x3ffc4c60  
A2      : 0x3ffc6b78  A3      : 0x00000001  A4      : 0x00000001  A5      : 0x00000000  
A6      : 0x00000000  A7      : 0x00000000  A8      : 0x00000016  A9      : 0x00000000  
A10     : 0x000e6beb  A11     : 0x00010009  A12     : 0x00060120  A13     : 0x3ffb00e0  
A14     : 0x0000005b  A15     : 0x00060123  SAR     : 0x0000000a  EXCCAUSE: 0x0000001d  
EXCVADDR: 0x00000016  LBEG    : 0x00000000  LEND    : 0x00000000  LCOUNT  : 0x00000000  


Backtrace: 0x4011857f:0x3ffc4c60 0x401186a9:0x3ffc4c90 0x4011f89e:0x3ffc4cb0




ELF file SHA256: efb0888b6

Rebooting...
ets Jul 29 2019 12:21:46

rst:0xc (SW_CPU_RESET),boot:0x13 (SPI_FAST_FLASH_BOOT)
configsip: 0, SPIWP:0xee
clk_drv:0x00,q_drv:0x00,d_drv:0x00,cs0_drv:0x00,hd_drv:0x00,wp_drv:0x00
mode:DIO, clock div:2
load:0x3fff0040,len:6376
load:0x40078000,len:15900
ho 0 tail 12 room 4
load:0x40080400,len:3920
entry 0x40080644
[0;32mI (29) boot: ESP-IDF v6.1-dev-2002-gfa47e101d5 2nd stage bootloader[0m
[0;32mI (29) boot: compile time Jan 20 2026 15:07:02[0m
[0;32mI (29) boot: Multicore bootloader[0m
[0;32mI (32) boot: chip revision: v3.1[0m
[0;32mI (35) boot.esp32: SPI Speed      : 40MHz[0m
[0;32mI (39) boot.esp32: SPI Mode       : DIO[0m
[0;32mI (42) boot.esp32: SPI Flash Size : 2MB[0m
[0;32mI (46) boot: Enabling RNG early entropy source...[0m
[0;32mI (50) boot: Partition Table:[0m
[0;32mI (53) boot: ## Label            Usage          Type ST Offset   Length[0m
[0;32mI (59) boot:  0 nvs              WiFi data        01 02 00009000 00006000[0m
[0;32mI (66) boot:  1 phy_init         RF data          01 01 0000f000 00001000[0m
[0;32mI (72) boot:  2 factory          factory app      00 00 00010000 00100000[0m
[0;32mI (79) boot: End of partition table[0m
[0;32mI (82) esp_image: segment 0: paddr=00010020 vaddr=3f400020 size=348b4h (215220) map[0m
[0;32mI (166) esp_image: segment 1: paddr=000448dc vaddr=3ffb0000 size=02d04h ( 11524) load[0m
[0;32mI (171) esp_image: segment 2: paddr=000475e8 vaddr=40080000 size=08a30h ( 35376) load[0m
[0;32mI (186) esp_image: segment 3: paddr=00050020 vaddr=400d0020 size=51c80h (334976) map[0m
[0;32mI (305) esp_image: segment 4: paddr=000a1ca8 vaddr=40088a30 size=04480h ( 17536) load[0m
[0;32mI (313) esp_image: segment 5: paddr=000a6130 vaddr=50000000 size=00028h (    40) load[0m
[0;32mI (320) boot: Loaded app from partition at offset 0x10000[0m
[0;32mI (320) boot: Disabling RNG early entropy source...[0m
[0;32mI (331) cpu_start: Multicore app[0m
[0;32mI (339) cpu_start: GPIO 3 and 1 are used as console UART I/O pins[0m
[0;32mI (340) cpu_start: Pro cpu start user code[0m
[0;32mI (340) cpu_start: cpu freq: 160000000 Hz[0m
[0;32mI (341) app_init: Application information:[0m
[0;32mI (345) app_init: Project name:     horaWatchSoftware[0m
[0;32mI (350) app_init: App version:      fbc1c55-dirty[0m
[0;32mI (354) app_init: Compile time:     Jan 20 2026 15:07:06[0m
[0;32mI (360) app_init: ELF file SHA256:  efb0888b6...[0m
[0;32mI (364) app_init: ESP-IDF:          v6.1-dev-2002-gfa47e101d5[0m
[0;32mI (369) efuse_init: Min chip rev:     v0.0[0m
[0;32mI (373) efuse_init: Max chip rev:     v3.99 [0m
[0;32mI (377) efuse_init: Chip rev:         v3.1[0m
[0;32mI (381) heap_init: Initializing. RAM available for dynamic allocation:[0m
[0;32mI (387) heap_init: At 3FFAE6E0 len 00001920 (6 KiB): DRAM[0m
[0;32mI (392) heap_init: At 3FFC39D8 len 0001C628 (113 KiB): DRAM[0m
[0;32mI (398) heap_init: At 3FFE0440 len 00003AE0 (14 KiB): D/IRAM[0m
[0;32mI (403) heap_init: At 3FFE4350 len 0001BCB0 (111 KiB): D/IRAM[0m
[0;32mI (409) heap_init: At 4008CEB0 len 00013150 (76 KiB): IRAM[0m
[0;33mW (415) spi_flash: Detected boya flash chip but using generic driver. For optimal functionality, enable `SPI_FLASH_SUPPORT_BOYA_CHIP` in menuconfig[0m
[0;32mI (427) spi_flash: detected chip: generic[0m
[0;32mI (430) spi_flash: flash io: dio[0m
[0;33mW (433) spi_flash: Detected size(4096k) larger than the size in the binary image header(2048k). Using the size in the binary image header.[0m
[0;32mI (447) main_task: Started on CPU0[0m
[0;32mI (457) main_task: Calling app_main()[0m
[0;32mI (457) main: Booting horaWatchSoftware...[0m
[0;32mI (457) bsp: bsp_init(): init display + lvgl driver[0m
[0;32mI (457) disp_spi: init display + register LVGL driver[0m
[0;32mI (587) disp_spi: LVGL display registered (240x280, RGB565, no scaling)[0m
[0;32mI (587) app: app_init(): initializing state and UI[0m
[0;32mI (587) app: Starting LVGL widgets demo[0m
[0;32mI (1257) main_task: Returned from app_main()[0m
Guru Meditation Error: Core  0 panic'ed (StoreProhibited). Exception was unhandled.

Core  0 register dump:
PC      : 0x40118582  PS      : 0x00060f33  A0      : 0x801186ac  A1      : 0x3ffc4c60  
A2      : 0x3ffc6b78  A3      : 0x00000001  A4      : 0x00000001  A5      : 0x00000000  
A6      : 0x00000000  A7      : 0x00000000  A8      : 0x00000016  A9      : 0x00000000  
A10     : 0x000e6be5  A11     : 0x00010009  A12     : 0x00060120  A13     : 0x3ffb00e0  
A14     : 0x0000005b  A15     : 0x00060123  SAR     : 0x0000000a  EXCCAUSE: 0x0000001d  
EXCVADDR: 0x00000016  LBEG    : 0x00000000  LEND    : 0x00000000  LCOUNT  : 0x00000000  


Backtrace: 0x4011857f:0x3ffc4c60 0x401186a9:0x3ffc4c90 0x4011f89e:0x3ffc4cb0




ELF file SHA256: efb0888b6

Rebooting...
ets Jul 29 2019 12:21:46

rst:0xc (SW_CPU_RESET),boot:0x13 (SPI_FAST_FLASH_BOOT)
configsip: 0, SPIWP:0xee
clk_drv:0x00,q_drv:0x00,d_drv:0x00,cs0_drv:0x00,hd_drv:0x00,wp_drv:0x00
mode:DIO, clock div:2
load:0x3fff0040,len:6376
load:0x40078000,len:15900
ho 0 tail 12 room 4
load:0x40080400,len:3920
entry 0x40080644
[0;32mI (29) boot: ESP-IDF v6.1-dev-2002-gfa47e101d5 2nd stage bootloader[0m
[0;32mI (29) boot: compile time Jan 20 2026 15:07:02[0m
[0;32mI (29) boot: Multicore bootloader[0m
[0;32mI (32) boot: chip revision: v3.1[0m
[0;32mI (35) boot.esp32: SPI Speed      : 40MHz[0m
[0;32mI (39) boot.esp32: SPI Mode       : DIO[0m
[0;32mI (42) boot.esp32: SPI Flash Size : 2MB[0m
[0;32mI (46) boot: Enabling RNG early entropy source...[0m
[0;32mI (50) boot: Partition Table:[0m
[0;32mI (53) boot: ## Label            Usage          Type ST Offset   Length[0m
[0;32mI (59) boot:  0 nvs              WiFi data        01 02 00009000 00006000[0m
[0;32mI (66) boot:  1 phy_init         RF data          01 01 0000f000 00001000[0m
[0;32mI (72) boot:  2 factory          factory app      00 00 00010000 00100000[0m
[0;32mI (79) boot: End of partition table[0m
[0;32mI (82) esp_image: segment 0: paddr=00010020 vaddr=3f400020 size=348b4h (215220) map[0m
[0;32mI (166) esp_image: segment 1: paddr=000448dc vaddr=3ffb0000 size=02d04h ( 11524) load[0m
[0;32mI (171) esp_image: segment 2: paddr=000475e8 vaddr=40080000 size=08a30h ( 35376) load[0m
[0;32mI (186) esp_image: segment 3: paddr=00050020 vaddr=400d0020 size=51c80h (334976) map[0m
[0;32mI (305) esp_image: segment 4: paddr=000a1ca8 vaddr=40088a30 size=04480h ( 17536) load[0m
[0;32mI (313) esp_image: segment 5: paddr=000a6130 vaddr=50000000 size=00028h (    40) load[0m
[0;32mI (320) boot: Loaded app from partition at offset 0x10000[0m
[0;32mI (320) boot: Disabling RNG early entropy source...[0m
[0;32mI (331) cpu_start: Multicore app[0m
[0;32mI (339) cpu_start: GPIO 3 and 1 are used as console UART I/O pins[0m
[0;32mI (340) cpu_start: Pro cpu start user code[0m
[0;32mI (340) cpu_start: cpu freq: 160000000 Hz[0m
[0;32mI (342) app_init: Application information:[0m
[0;32mI (345) app_init: Project name:     horaWatchSoftware[0m
[0;32mI (350) app_init: App version:      fbc1c55-dirty[0m
[0;32mI (354) app_init: Compile time:     Jan 20 2026 15:07:06[0m
[0;32mI (360) app_init: ELF file SHA256:  efb0888b6...[0m
[0;32mI (364) app_init: ESP-IDF:          v6.1-dev-2002-gfa47e101d5[0m
[0;32mI (369) efuse_init: Min chip rev:     v0.0[0m
[0;32mI (373) efuse_init: Max chip rev:     v3.99 [0m
[0;32mI (377) efuse_init: Chip rev:         v3.1[0m
[0;32mI (381) heap_init: Initializing. RAM available for dynamic allocation:[0m
[0;32mI (387) heap_init: At 3FFAE6E0 len 00001920 (6 KiB): DRAM[0m
[0;32mI (392) heap_init: At 3FFC39D8 len 0001C628 (113 KiB): DRAM[0m
[0;32mI (398) heap_init: At 3FFE0440 len 00003AE0 (14 KiB): D/IRAM[0m
[0;32mI (403) heap_init: At 3FFE4350 len 0001BCB0 (111 KiB): D/IRAM[0m
[0;32mI (409) heap_init: At 4008CEB0 len 00013150 (76 KiB): IRAM[0m
[0;33mW (415) spi_flash: Detected boya flash chip but using generic driver. For optimal functionality, enable `SPI_FLASH_SUPPORT_BOYA_CHIP` in menuconfig[0m
[0;32mI (427) spi_flash: detected chip: generic[0m
[0;32mI (430) spi_flash: flash io: dio[0m
[0;33mW (433) spi_flash: Detected size(4096k) larger than the size in the binary image header(2048k). Using the size in the binary image header.[0m
[0;32mI (447) main_task: Started on CPU0[0m
[0;32mI (457) main_task: Calling app_main()[0m
[0;32mI (457) main: Booting horaWatchSoftware...[0m
[0;32mI (457) bsp: bsp_init(): init display + lvgl driver[0m
[0;32mI (457) disp_spi: init display + register LVGL driver[0m
[0;32mI (587) disp_spi: LVGL display registered (240x280, RGB565, no scaling)[0m
[0;32mI (587) app: app_init(): initializing state and UI[0m
[0;32mI (587) app: Starting LVGL widgets demo[0m
[0;32mI (1257) main_task: Returned from app_main()[0m
Guru Meditation Error: Core  0 panic'ed (StoreProhibited). Exception was unhandled.

Core  0 register dump:
PC      : 0x40118582  PS      : 0x00060f33  A0      : 0x801186ac  A1      : 0x3ffc4c60  
A2      : 0x3ffc6b78  A3      : 0x00000001  A4      : 0x00000001  A5      : 0x00000000  
A6      : 0x00000000  A7      : 0x00000000  A8      : 0x00000016  A9      : 0x00000000  
A10     : 0x000e6be5  A11     : 0x00010009  A12     : 0x00060120  A13     : 0x3ffb00e0  
A14     : 0x0000005b  A15     : 0x00060123  SAR     : 0x0000000a  EXCCAUSE: 0x0000001d  
EXCVADDR: 0x00000016  LBEG    : 0x00000000  LEND    : 0x00000000  LCOUNT  : 0x00000000  


Backtrace: 0x4011857f:0x3ffc4c60 0x401186a9:0x3ffc4c90 0x4011f89e:0x3ffc4cb0




ELF file SHA256: efb0888b6

Rebooting...
ets Jul 29 2019 12:21:46

rst:0xc (SW_CPU_RESET),boot:0x13 (SPI_FAST_FLASH_BOOT)
configsip: 0, SPIWP:0xee
clk_drv:0x00,q_drv:0x00,d_drv:0x00,cs0_drv:0x00,hd_drv:0x00,wp_drv:0x00
mode:DIO, clock div:2
load:0x3fff0040,len:6376
load:0x40078000,len:15900
ho 0 tail 12 room 4
load:0x40080400,len:3920
entry 0x40080644
[0;32mI (29) boot: ESP-IDF v6.1-dev-2002-gfa47e101d5 2nd stage bootloader[0m
[0;32mI (29) boot: compile time Jan 20 2026 15:07:02[0m
[0;32mI (29) boot: Multicore bootloader[0m
[0;32mI (32) boot: chip revision: v3.1[0m
[0;32mI (35) boot.esp32: SPI Speed      : 40MHz[0m
[0;32mI (39) boot.esp32: SPI Mode       : DIO[0m
[0;32mI (42) boot.esp32: SPI Flash Size : 2MB[0m
[0;32mI (46) boot: Enabling RNG early entropy source...[0m
[0;32mI (50) boot: Partition Table:[0m
[0;32mI (53) boot: ## Label            Usage          Type ST Offset   Length[0m
[0;32mI (59) boot:  0 nvs              WiFi data        01 02 00009000 00006000[0m
[0;32mI (66) boot:  1 phy_init         RF data          01 01 0000f000 00001000[0m
[0;32mI (72) boot:  2 factory          factory app      00 00 00010000 00100000[0m
[0;32mI (79) boot: End of partition table[0m
[0;32mI (82) esp_image: segment 0: paddr=00010020 vaddr=3f400020 size=348b4h (215220) map[0m
[0;32mI (166) esp_image: segment 1: paddr=000448dc vaddr=3ffb0000 size=02d04h ( 11524) load[0m
[0;32mI (171) esp_image: segment 2: paddr=000475e8 vaddr=40080000 size=08a30h ( 35376) load[0m
[0;32mI (186) esp_image: segment 3: paddr=00050020 vaddr=400d0020 size=51c80h (334976) map[0m
[0;32mI (305) esp_image: segment 4: paddr=000a1ca8 vaddr=40088a30 size=04480h ( 17536) load[0m
[0;32mI (313) esp_image: segment 5: paddr=000a6130 vaddr=50000000 size=00028h (    40) load[0m
[0;32mI (320) boot: Loaded app from partition at offset 0x10000[0m
[0;32mI (320) boot: Disabling RNG early entropy source...[0m
[0;32mI (331) cpu_start: Multicore app[0m
[0;32mI (339) cpu_start: GPIO 3 and 1 are used as console UART I/O pins[0m
[0;32mI (340) cpu_start: Pro cpu start user code[0m
[0;32mI (340) cpu_start: cpu freq: 160000000 Hz[0m
[0;32mI (341) app_init: Application information:[0m
[0;32mI (345) app_init: Project name:     horaWatchSoftware[0m
[0;32mI (350) app_init: App version:      fbc1c55-dirty[0m
[0;32mI (354) app_init: Compile time:     Jan 20 2026 15:07:06[0m
[0;32mI (360) app_init: ELF file SHA256:  efb0888b6...[0m
[0;32mI (364) app_init: ESP-IDF:          v6.1-dev-2002-gfa47e101d5[0m
[0;32mI (369) efuse_init: Min chip rev:     v0.0[0m
[0;32mI (373) efuse_init: Max chip rev:     v3.99 [0m
[0;32mI (377) efuse_init: Chip rev:         v3.1[0m
[0;32mI (381) heap_init: Initializing. RAM available for dynamic allocation:[0m
[0;32mI (387) heap_init: At 3FFAE6E0 len 00001920 (6 KiB): DRAM[0m
[0;32mI (392) heap_init: At 3FFC39D8 len 0001C628 (113 KiB): DRAM[0m
[0;32mI (398) heap_init: At 3FFE0440 len 00003AE0 (14 KiB): D/IRAM[0m
[0;32mI (403) heap_init: At 3FFE4350 len 0001BCB0 (111 KiB): D/IRAM[0m
[0;32mI (409) heap_init: At 4008CEB0 len 00013150 (76 KiB): IRAM[0m
[0;33mW (415) spi_flash: Detected boya flash chip but using generic driver. For optimal functionality, enable `SPI_FLASH_SUPPORT_BOYA_CHIP` in menuconfig[0m
[0;32mI (427) spi_flash: detected chip: generic[0m
[0;32mI (430) spi_flash: flash io: dio[0m
[0;33mW (433) spi_flash: Detected size(4096k) larger than the size in the binary image header(2048k). Using the size in the binary image header.[0m
[0;32mI (447) main_task: Started on CPU0[0m
[0;32mI (457) main_task: Calling app_main()[0m
[0;32mI (457) main: Booting horaWatchSoftware...[0m
[0;32mI (457) bsp: bsp_init(): init display + lvgl driver[0m
[0;32mI (457) disp_spi: init display + register LVGL driver[0m
[0;32mI (587) disp_spi: LVGL display registered (240x280, RGB565, no scaling)[0m
[0;32mI (587) app: app_init(): initializing state and UI[0m
[0;32mI (587) app: Starting LVGL widgets demo[0m
[0;32mI (1257) main_task: Returned from app_main()[0m
Guru Meditation Error: Core  0 panic'ed (StoreProhibited). Exception was unhandled.

Core  0 register dump:
PC      : 0x40118582  PS      : 0x00060f33  A0      : 0x801186ac  A1      : 0x3ffc4c60  
A2      : 0x3ffc6b78  A3      : 0x00000001  A4      : 0x00000001  A5      : 0x00000000  
A6      : 0x00000000  A7      : 0x00000000  A8      : 0x00000016  A9      : 0x00000000  
A10     : 0x000e6beb  A11     : 0x00010009  A12     : 0x00060120  A13     : 0x3ffb00e0  
A14     : 0x0000005b  A15     : 0x00060123  SAR     : 0x0000000a  EXCCAUSE: 0x0000001d  
EXCVADDR: 0x00000016  LBEG    : 0x00000000  LEND    : 0x00000000  LCOUNT  : 0x00000000  


Backtrace: 0x4011857f:0x3ffc4c60 0x401186a9:0x3ffc4c90 0x4011f89e:0x3ffc4cb0




ELF file SHA256: efb0888b6

Rebooting...
ets Jul 29 2019 12:21:46

rst:0xc (SW_CPU_RESET),boot:0x13 (SPI_FAST_FLASH_BOOT)
configsip: 0, SPIWP:0xee
clk_drv:0x00,q_drv:0x00,d_drv:0x00,cs0_drv:0x00,hd_drv:0x00,wp_drv:0x00
mode:DIO, clock div:2
load:0x3fff0040,len:6376
load:0x40078000,len:15900
ho 0 tail 12 room 4
load:0x40080400,len:3920
entry 0x40080644
[0;32mI (29) boot: ESP-IDF v6.1-dev-2002-gfa47e101d5 2nd stage bootloader[0m
[0;32mI (29) boot: compile time Jan 20 2026 15:07:02[0m
[0;32mI (29) boot: Multicore bootloader[0m
[0;32mI (32) boot: chip revision: v3.1[0m
[0;32mI (35) boot.esp32: SPI Speed      : 40MHz[0m
[0;32mI (39) boot.esp32: SPI Mode       : DIO[0m
[0;32mI (42) boot.esp32: SPI Flash Size : 2MB[0m
[0;32mI (46) boot: Enabling RNG early entropy source...[0m
[0;32mI (50) boot: Partition Table:[0m
[0;32mI (53) boot: ## Label            Usage          Type ST Offset   Length[0m
[0;32mI (59) boot:  0 nvs              WiFi data        01 02 00009000 00006000[0m
[0;32mI (66) boot:  1 phy_init         RF data          01 01 0000f000 00001000[0m
[0;32mI (72) boot:  2 factory          factory app      00 00 00010000 00100000[0m
[0;32mI (79) boot: End of partition table[0m
[0;32mI (82) esp_image: segment 0: paddr=00010020 vaddr=3f400020 size=348b4h (215220) map[0m
[0;32mI (166) esp_image: segment 1: paddr=000448dc vaddr=3ffb0000 size=02d04h ( 11524) load[0m
[0;32mI (171) esp_image: segment 2: paddr=000475e8 vaddr=40080000 size=08a30h ( 35376) load[0m
[0;32mI (186) esp_image: segment 3: paddr=00050020 vaddr=400d0020 size=51c80h (334976) map[0m
[0;32mI (305) esp_image: segment 4: paddr=000a1ca8 vaddr=40088a30 size=04480h ( 17536) load[0m
[0;32mI (313) esp_image: segment 5: paddr=000a6130 vaddr=50000000 size=00028h (    40) load[0m
[0;32mI (320) boot: Loaded app from partition at offset 0x10000[0m
[0;32mI (320) boot: Disabling RNG early entropy source...[0m
[0;32mI (331) cpu_start: Multicore app[0m
[0;32mI (339) cpu_start: GPIO 3 and 1 are used as console UART I/O pins[0m
[0;32mI (340) cpu_start: Pro cpu start user code[0m
[0;32mI (340) cpu_start: cpu freq: 160000000 Hz[0m
[0;32mI (341) app_init: Application information:[0m
[0;32mI (345) app_init: Project name:     horaWatchSoftware[0m
[0;32mI (350) app_init: App version:      fbc1c55-dirty[0m
[0;32mI (354) app_init: Compile time:     Jan 20 2026 15:07:06[0m
[0;32mI (360) app_init: ELF file SHA256:  efb0888b6...[0m
[0;32mI (364) app_init: ESP-IDF:          v6.1-dev-2002-gfa47e101d5[0m
[0;32mI (369) efuse_init: Min chip rev:     v0.0[0m
[0;32mI (373) efuse_init: Max chip rev:     v3.99 [0m
[0;32mI (377) efuse_init: Chip rev:         v3.1[0m
[0;32mI (381) heap_init: Initializing. RAM available for dynamic allocation:[0m
[0;32mI (387) heap_init: At 3FFAE6E0 len 00001920 (6 KiB): DRAM[0m
[0;32mI (392) heap_init: At 3FFC39D8 len 0001C628 (113 KiB): DRAM[0m
[0;32mI (398) heap_init: At 3FFE0440 len 00003AE0 (14 KiB): D/IRAM[0m
[0;32mI (403) heap_init: At 3FFE4350 len 0001BCB0 (111 KiB): D/IRAM[0m
[0;32mI (409) heap_init: At 4008CEB0 len 00013150 (76 KiB): IRAM[0m
[0;33mW (415) spi_flash: Detected boya flash chip but using generic driver. For optimal functionality, enable `SPI_FLASH_SUPPORT_BOYA_CHIP` in menuconfig[0m
[0;32mI (427) spi_flash: detected chip: generic[0m
[0;32mI (430) spi_flash: flash io: dio[0m
[0;33mW (433) spi_flash: Detected size(4096k) larger than the size in the binary image header(2048k). Using the size in the binary image header.[0m
[0;32mI (447) main_task: Started on CPU0[0m
[0;32mI (457) main_task: Calling app_main()[0m
[0;32mI (457) main: Booting horaWatchSoftware...[0m
[0;32mI (457) bsp: bsp_init(): init display + lvgl driver[0m
[0;32mI (457) disp_spi: init display + register LVGL driver[0m
[0;32mI (587) disp_spi: LVGL display registered (240x280, RGB565, no scaling)[0m
[0;32mI (587) app: app_init(): initializing state and UI[0m
[0;32mI (587) app: Starting LVGL widgets demo[0m
[0;32mI (1257) main_task: Returned from app_main()[0m
Guru Meditation Error: Core  0 panic'ed (StoreProhibited). Exception was unhandled.

Core  0 register dump:
PC      : 0x40118582  PS      : 0x00060f33  A0      : 0x801186ac  A1      : 0x3ffc4c60  
A2      : 0x3ffc6b78  A3      : 0x00000001  A4      : 0x00000001  A5      : 0x00000000  
A6      : 0x00000000  A7      : 0x00000000  A8      : 0x00000016  A9      : 0x00000000  
A10     : 0x000e6bea  A11     : 0x00010009  A12     : 0x00060120  A13     : 0x3ffb00e0  
A14     : 0x0000005b  A15     : 0x00060123  SAR     : 0x0000000a  EXCCAUSE: 0x0000001d  
EXCVADDR: 0x00000016  LBEG    : 0x00000000  LEND    : 0x00000000  LCOUNT  : 0x00000000  


Backtrace: 0x4011857f:0x3ffc4c60 0x401186a9:0x3ffc4c90 0x4011f89e:0x3ffc4cb0




ELF file SHA256: efb0888b6

Rebooting...
ets Jul 29 2019 12:21:46

rst:0xc (SW_CPU_RESET),boot:0x13 (SPI_FAST_FLASH_BOOT)
configsip: 0, SPIWP:0xee
clk_drv:0x00,q_drv:0x00,d_drv:0x00,cs0_drv:0x00,hd_drv:0x00,wp_drv:0x00
mode:DIO, clock div:2
load:0x3fff0040,len:6376
load:0x40078000,len:15900
ho 0 tail 12 room 4
load:0x40080400,len:3920
entry 0x40080644
[0;32mI (29) boot: ESP-IDF v6.1-dev-2002-gfa47e101d5 2nd stage bootloader[0m
[0;32mI (29) boot: compile time Jan 20 2026 15:07:02[0m
[0;32mI (29) boot: Multicore bootloader[0m
[0;32mI (32) boot: chip revision: v3.1[0m
[0;32mI (35) boot.esp32: SPI Speed      : 40MHz[0m
[0;32mI (39) boot.esp32: SPI Mode       : DIO[0m
[0;32mI (42) boot.esp32: SPI Flash Size : 2MB[0m
[0;32mI (46) boot: Enabling RNG early entropy source...[0m
[0;32mI (50) boot: Partition Table:[0m
[0;32mI (53) boot: ## Label            Usage          Type ST Offset   Length[0m
[0;32mI (59) boot:  0 nvs              WiFi data        01 02 00009000 00006000[0m
[0;32mI (66) boot:  1 phy_init         RF data          01 01 0000f000 00001000[0m
[0;32mI (72) boot:  2 factory          factory app      00 00 00010000 00100000[0m
[0;32mI (79) boot: End of partition table[0m
[0;32mI (82) esp_image: segment 0: paddr=00010020 vaddr=3f400020 size=348b4h (215220) map[0m
[0;32mI (166) esp_image: segment 1: paddr=000448dc vaddr=3ffb0000 size=02d04h ( 11524) load[0m
[0;32mI (171) esp_image: segment 2: paddr=000475e8 vaddr=40080000 size=08a30h ( 35376) load[0m
[0;32mI (186) esp_image: segment 3: paddr=00050020 vaddr=400d0020 size=51c80h (334976) map[0m
[0;32mI (305) esp_image: segment 4: paddr=000a1ca8 vaddr=40088a30 size=04480h ( 17536) load[0m
[0;32mI (313) esp_image: segment 5: paddr=000a6130 vaddr=50000000 size=00028h (    40) load[0m
[0;32mI (320) boot: Loaded app from partition at offset 0x10000[0m
[0;32mI (320) boot: Disabling RNG early entropy source...[0m
[0;32mI (331) cpu_start: Multicore app[0m
[0;32mI (339) cpu_start: GPIO 3 and 1 are used as console UART I/O pins[0m
[0;32mI (340) cpu_start: Pro cpu start user code[0m
[0;32mI (340) cpu_start: cpu freq: 160000000 Hz[0m
[0;32mI (341) app_init: Application information:[0m
[0;32mI (345) app_init: Project name:     horaWatchSoftware[0m
[0;32mI (350) app_init: App version:      fbc1c55-dirty[0m
[0;32mI (354) app_init: Compile time:     Jan 20 2026 15:07:06[0m
[0;32mI (360) app_init: ELF file SHA256:  efb0888b6...[0m
[0;32mI (364) app_init: ESP-IDF:          v6.1-dev-2002-gfa47e101d5[0m
[0;32mI (369) efuse_init: Min chip rev:     v0.0[0m
[0;32mI (373) efuse_init: Max chip rev:     v3.99 [0m
[0;32mI (377) efuse_init: Chip rev:         v3.1[0m
[0;32mI (381) heap_init: Initializing. RAM available for dynamic allocation:[0m
[0;32mI (387) heap_init: At 3FFAE6E0 len 00001920 (6 KiB): DRAM[0m
[0;32mI (392) heap_init: At 3FFC39D8 len 0001C628 (113 KiB): DRAM[0m
[0;32mI (398) heap_init: At 3FFE0440 len 00003AE0 (14 KiB): D/IRAM[0m
[0;32mI (403) heap_init: At 3FFE4350 len 0001BCB0 (111 KiB): D/IRAM[0m
[0;32mI (409) heap_init: At 4008CEB0 len 00013150 (76 KiB): IRAM[0m
[0;33mW (415) spi_flash: Detected boya flash chip but using generic driver. For optimal functionality, enable `SPI_FLASH_SUPPORT_BOYA_CHIP` in menuconfig[0m
[0;32mI (427) spi_flash: detected chip: generic[0m
[0;32mI (430) spi_flash: flash io: dio[0m
[0;33mW (433) spi_flash: Detected size(4096k) larger than the size in the binary image header(2048k). Using the size in the binary image header.[0m
[0;32mI (447) main_task: Started on CPU0[0m
[0;32mI (457) main_task: Calling app_main()[0m
[0;32mI (457) main: Booting horaWatchSoftware...[0m
[0;32mI (457) bsp: bsp_init(): init display + lvgl driver[0m
[0;32mI (457) disp_spi: init display + register LVGL driver[0m
[0;32mI (587) disp_spi: LVGL display registered (240x280, RGB565, no scaling)[0m
[0;32mI (587) app: app_init(): initializing state and UI[0m
[0;32mI (587) app: Starting LVGL widgets demo[0m
[0;32mI (1257) main_task: Returned from app_main()[0m
Guru Meditation Error: Core  0 panic'ed (StoreProhibited). Exception was unhandled.

Core  0 register dump:
PC      : 0x40118582  PS      : 0x00060f33  A0      : 0x801186ac  A1      : 0x3ffc4c60  
A2      : 0x3ffc6b78  A3      : 0x00000001  A4      : 0x00000001  A5      : 0x00000000  
A6      : 0x00000000  A7      : 0x00000000  A8      : 0x00000016  A9      : 0x00000000  
A10     : 0x000e6bea  A11     : 0x00010009  A12     : 0x00060120  A13     : 0x3ffb00e0  
A14     : 0x0000005b  A15     : 0x00060123  SAR     : 0x0000000a  EXCCAUSE: 0x0000001d  
EXCVADDR: 0x00000016  LBEG    : 0x00000000  LEND    : 0x00000000  LCOUNT  : 0x00000000  


Backtrace: 0x4011857f:0x3ffc4c60 0x401186a9:0x3ffc4c90 0x4011f89e:0x3ffc4cb0




ELF file SHA256: efb0888b6

Rebooting...
ets Jul 29 2019 12:21:46

rst:0xc (SW_CPU_RESET),boot:0x13 (SPI_FAST_FLASH_BOOT)
configsip: 0, SPIWP:0xee
clk_drv:0x00,q_drv:0x00,d_drv:0x00,cs0_drv:0x00,hd_drv:0x00,wp_drv:0x00
mode:DIO, clock div:2
load:0x3fff0040,len:6376
load:0x40078000,len:15900
ho 0 tail 12 room 4
load:0x40080400,len:3920
entry 0x40080644
[0;32mI (29) boot: ESP-IDF v6.1-dev-2002-gfa47e101d5 2nd stage bootloader[0m
[0;32mI (29) boot: compile time Jan 20 2026 15:07:02[0m
[0;32mI (29) boot: Multicore bootloader[0m
[0;32mI (32) boot: chip revision: v3.1[0m
[0;32mI (35) boot.esp32: SPI Speed      : 40MHz[0m
[0;32mI (39) boot.esp32: SPI Mode       : DIO[0m
[0;32mI (42) boot.esp32: SPI Flash Size : 2MB[0m
[0;32mI (46) boot: Enabling RNG early entropy source...[0m
[0;32mI (50) boot: Partition Table:[0m
[0;32mI (53) boot: ## Label            Usage          Type ST Offset   Length[0m
[0;32mI (59) boot:  0 nvs              WiFi data        01 02 00009000 00006000[0m
[0;32mI (66) boot:  1 phy_init         RF data          01 01 0000f000 00001000[0m
[0;32mI (72) boot:  2 factory          factory app      00 00 00010000 00100000[0m
[0;32mI (79) boot: End of partition table[0m
[0;32mI (82) esp_image: segment 0: paddr=00010020 vaddr=3f400020 size=348b4h (215220) map[0m
[0;32mI (166) esp_image: segment 1: paddr=000448dc vaddr=3ffb0000 size=02d04h ( 11524) load[0m
[0;32mI (171) esp_image: segment 2: paddr=000475e8 vaddr=40080000 size=08a30h ( 35376) load[0m
[0;32mI (186) esp_image: segment 3: paddr=00050020 vaddr=400d0020 size=51c80h (334976) map[0m
[0;32mI (305) esp_image: segment 4: paddr=000a1ca8 vaddr=40088a30 size=04480h ( 17536) load[0m
[0;32mI (313) esp_image: segment 5: paddr=000a6130 vaddr=50000000 size=00028h (    40) load[0m
[0;32mI (320) boot: Loaded app from partition at offset 0x10000[0m
[0;32mI (320) boot: Disabling RNG early entropy source...[0m
[0;32mI (331) cpu_start: Multicore app[0m
[0;32mI (339) cpu_start: GPIO 3 and 1 are used as console UART I/O pins[0m
[0;32mI (340) cpu_start: Pro cpu start user code[0m
[0;32mI (340) cpu_start: cpu freq: 160000000 Hz[0m
[0;32mI (341) app_init: Application information:[0m
[0;32mI (345) app_init: Project name:     horaWatchSoftware[0m
[0;32mI (350) app_init: App version:      fbc1c55-dirty[0m
[0;32mI (354) app_init: Compile time:     Jan 20 2026 15:07:06[0m
[0;32mI (360) app_init: ELF file SHA256:  efb0888b6...[0m
[0;32mI (364) app_init: ESP-IDF:          v6.1-dev-2002-gfa47e101d5[0m
[0;32mI (369) efuse_init: Min chip rev:     v0.0[0m
[0;32mI (373) efuse_init: Max chip rev:     v3.99 [0m
[0;32mI (377) efuse_init: Chip rev:         v3.1[0m
[0;32mI (381) heap_init: Initializing. RAM available for dynamic allocation:[0m
[0;32mI (387) heap_init: At 3FFAE6E0 len 00001920 (6 KiB): DRAM[0m
[0;32mI (392) heap_init: At 3FFC39D8 len 0001C628 (113 KiB): DRAM[0m
[0;32mI (398) heap_init: At 3FFE0440 len 00003AE0 (14 KiB): D/IRAM[0m
[0;32mI (403) heap_init: At 3FFE4350 len 0001BCB0 (111 KiB): D/IRAM[0m
[0;32mI (409) heap_init: At 4008CEB0 len 00013150 (76 KiB): IRAM[0m
[0;33mW (415) spi_flash: Detected boya flash chip but using generic driver. For optimal functionality, enable `SPI_FLASH_SUPPORT_BOYA_CHIP` in menuconfig[0m
[0;32mI (427) spi_flash: detected chip: generic[0m
[0;32mI (430) spi_flash: flash io: dio[0m
[0;33mW (433) spi_flash: Detected size(4096k) larger than the size in the binary image header(2048k). Using the size in the binary image header.[0m
[0;32mI (447) main_task: Started on CPU0[0m
[0;32mI (457) main_task: Calling app_main()[0m
[0;32mI (457) main: Booting horaWatchSoftware...[0m
[0;32mI (457) bsp: bsp_init(): init display + lvgl driver[0m
[0;32mI (457) disp_spi: init display + register LVGL driver[0m
[0;32mI (587) disp_spi: LVGL display registered (240x280, RGB565, no scaling)[0m
[0;32mI (587) app: app_init(): initializing state and UI[0m
[0;32mI (587) app: Starting LVGL widgets demo[0m
[0;32mI (1257) main_task: Returned from app_main()[0m
Guru Meditation Error: Core  0 panic'ed (StoreProhibited). Exception was unhandled.

Core  0 register dump:
PC      : 0x40118582  PS      : 0x00060f33  A0      : 0x801186ac  A1      : 0x3ffc4c60  
A2      : 0x3ffc6b78  A3      : 0x00000001  A4      : 0x00000001  A5      : 0x00000000  
A6      : 0x00000000  A7      : 0x00000000  A8      : 0x00000016  A9      : 0x00000000  
A10     : 0x000e6bea  A11     : 0x00010009  A12     : 0x00060120  A13     : 0x3ffb00e0  
A14     : 0x0000005b  A15     : 0x00060123  SAR     : 0x0000000a  EXCCAUSE: 0x0000001d  
EXCVADDR: 0x00000016  LBEG    : 0x00000000  LEND    : 0x00000000  LCOUNT  : 0x00000000  


Backtrace: 0x4011857f:0x3ffc4c60 0x401186a9:0x3ffc4c90 0x4011f89e:0x3ffc4cb0




ELF file SHA256: efb0888b6

Rebooting...
ets Jul 29 2019 12:21:46

rst:0xc (SW_CPU_RESET),boot:0x13 (SPI_FAST_FLASH_BOOT)
configsip: 0, SPIWP:0xee
clk_drv:0x00,q_drv:0x00,d_drv:0x00,cs0_drv:0x00,hd_drv:0x00,wp_drv:0x00
mode:DIO, clock div:2
load:0x3fff0040,len:6376
load:0x40078000,len:15900
ho 0 tail 12 room 4
load:0x40080400,len:3920
entry 0x40080644
[0;32mI (29) boot: ESP-IDF v6.1-dev-2002-gfa47e101d5 2nd stage bootloader[0m
[0;32mI (29) boot: compile time Jan 20 2026 15:07:02[0m
[0;32mI (29) boot: Multicore bootloader[0m
[0;32mI (32) boot: chip revision: v3.1[0m
[0;32mI (35) boot.esp32: SPI Speed      : 40MHz[0m
[0;32mI (39) boot.esp32: SPI Mode       : DIO[0m
[0;32mI (42) boot.esp32: SPI Flash Size : 2MB[0m
[0;32mI (46) boot: Enabling RNG early entropy source...[0m
[0;32mI (50) boot: Partition Table:[0m
[0;32mI (53) boot: ## Label            Usage          Type ST Offset   Length[0m
[0;32mI (59) boot:  0 nvs              WiFi data        01 02 00009000 00006000[0m
[0;32mI (66) boot:  1 phy_init         RF data          01 01 0000f000 00001000[0m
[0;32mI (72) boot:  2 factory          factory app      00 00 00010000 00100000[0m
[0;32mI (79) boot: End of partition table[0m
[0;32mI (82) esp_image: segment 0: paddr=00010020 vaddr=3f400020 size=348b4h (215220) map[0m
[0;32mI (166) esp_image: segment 1: paddr=000448dc vaddr=3ffb0000 size=02d04h ( 11524) load[0m
[0;32mI (171) esp_image: segment 2: paddr=000475e8 vaddr=40080000 size=08a30h ( 35376) load[0m
[0;32mI (186) esp_image: segment 3: paddr=00050020 vaddr=400d0020 size=51c80h (334976) map[0m
[0;32mI (305) esp_image: segment 4: paddr=000a1ca8 vaddr=40088a30 size=04480h ( 17536) load[0m
[0;32mI (313) esp_image: segment 5: paddr=000a6130 vaddr=50000000 size=00028h (    40) load[0m
[0;32mI (320) boot: Loaded app from partition at offset 0x10000[0m
[0;32mI (320) boot: Disabling RNG early entropy source...[0m
[0;32mI (331) cpu_start: Multicore app[0m
[0;32mI (339) cpu_start: GPIO 3 and 1 are used as console UART I/O pins[0m
[0;32mI (340) cpu_start: Pro cpu start user code[0m
[0;32mI (340) cpu_start: cpu freq: 160000000 Hz[0m
[0;32mI (341) app_init: Application information:[0m
[0;32mI (345) app_init: Project name:     horaWatchSoftware[0m
[0;32mI (350) app_init: App version:      fbc1c55-dirty[0m
[0;32mI (354) app_init: Compile time:     Jan 20 2026 15:07:06[0m
[0;32mI (360) app_init: ELF file SHA256:  efb0888b6...[0m
[0;32mI (364) app_init: ESP-IDF:          v6.1-dev-2002-gfa47e101d5[0m
[0;32mI (369) efuse_init: Min chip rev:     v0.0[0m
[0;32mI (373) efuse_init: Max chip rev:     v3.99 [0m
[0;32mI (377) efuse_init: Chip rev:         v3.1[0m
[0;32mI (381) heap_init: Initializing. RAM available for dynamic allocation:[0m
[0;32mI (387) heap_init: At 3FFAE6E0 len 00001920 (6 KiB): DRAM[0m
[0;32mI (392) heap_init: At 3FFC39D8 len 0001C628 (113 KiB): DRAM[0m
[0;32mI (398) heap_init: At 3FFE0440 len 00003AE0 (14 KiB): D/IRAM[0m
[0;32mI (403) heap_init: At 3FFE4350 len 0001BCB0 (111 KiB): D/IRAM[0m
[0;32mI (409) heap_init: At 4008CEB0 len 00013150 (76 KiB): IRAM[0m
[0;33mW (415) spi_flash: Detected boya flash chip but using generic driver. For optimal functionality, enable `SPI_FLASH_SUPPORT_BOYA_CHIP` in menuconfig[0m
[0;32mI (427) spi_flash: detected chip: generic[0m
[0;32mI (430) spi_flash: flash io: dio[0m
[0;33mW (433) spi_flash: Detected size(4096k) larger than the size in the binary image header(2048k). Using the size in the binary image header.[0m
[0;32mI (447) main_task: Started on CPU0[0m
[0;32mI (457) main_task: Calling app_main()[0m
[0;32mI (457) main: Booting horaWatchSoftware...[0m
[0;32mI (457) bsp: bsp_init(): init display + lvgl driver[0m
[0;32mI (457) disp_spi: init display + register LVGL driver[0m
[0;32mI (587) disp_spi: LVGL display registered (240x280, RGB565, no scaling)[0m
[0;32mI (587) app: app_init(): initializing state and UI[0m
[0;32mI (587) app: Starting LVGL widgets demo[0m
[0;32mI (1257) main_task: Returned from app_main()[0m
Guru Meditation Error: Core  0 panic'ed (StoreProhibited). Exception was unhandled.

Core  0 register dump:
PC      : 0x40118582  PS      : 0x00060f33  A0      : 0x801186ac  A1      : 0x3ffc4c60  
A2      : 0x3ffc6b78  A3      : 0x00000001  A4      : 0x00000001  A5      : 0x00000000  
A6      : 0x00000000  A7      : 0x00000000  A8      : 0x00000016  A9      : 0x00000000  
A10     : 0x000e6beb  A11     : 0x00010009  A12     : 0x00060120  A13     : 0x3ffb00e0  
A14     : 0x0000005b  A15     : 0x00060123  SAR     : 0x0000000a  EXCCAUSE: 0x0000001d  
EXCVADDR: 0x00000016  LBEG    : 0x00000000  LEND    : 0x00000000  LCOUNT  : 0x00000000  


Backtrace: 0x4011857f:0x3ffc4c60 0x401186a9:0x3ffc4c90 0x4011f89e:0x3ffc4cb0




ELF file SHA256: efb0888b6

Rebooting...
ets Jul 29 2019 12:21:46

rst:0xc (SW_CPU_RESET),boot:0x13 (SPI_FAST_FLASH_BOOT)
configsip: 0, SPIWP:0xee
clk_drv:0x00,q_drv:0x00,d_drv:0x00,cs0_drv:0x00,hd_drv:0x00,wp_drv:0x00
mode:DIO, clock div:2
load:0x3fff0040,len:6376
load:0x40078000,len:15900
ho 0 tail 12 room 4
load:0x40080400,len:3920
entry 0x40080644
[0;32mI (29) boot: ESP-IDF v6.1-dev-2002-gfa47e101d5 2nd stage bootloader[0m
[0;32mI (29) boot: compile time Jan 20 2026 15:07:02[0m
[0;32mI (29) boot: Multicore bootloader[0m
[0;32mI (32) boot: chip revision: v3.1[0m
[0;32mI (35) boot.esp32: SPI Speed      : 40MHz[0m
[0;32mI (39) boot.esp32: SPI Mode       : DIO[0m
[0;32mI (42) boot.esp32: SPI Flash Size : 2MB[0m
[0;32mI (46) boot: Enabling RNG early entropy source...[0m
[0;32mI (50) boot: Partition Table:[0m
[0;32mI (53) boot: ## Label            Usage          Type ST Offset   Length[0m
[0;32mI (59) boot:  0 nvs              WiFi data        01 02 00009000 00006000[0m
[0;32mI (66) boot:  1 phy_init         RF data          01 01 0000f000 00001000[0m
[0;32mI (72) boot:  2 factory          factory app      00 00 00010000 00100000[0m
[0;32mI (79) boot: End of partition table[0m
[0;32mI (82) esp_image: segment 0: paddr=00010020 vaddr=3f400020 size=348b4h (215220) map[0m
[0;32mI (166) esp_image: segment 1: paddr=000448dc vaddr=3ffb0000 size=02d04h ( 11524) load[0m
[0;32mI (171) esp_image: segment 2: paddr=000475e8 vaddr=40080000 size=08a30h ( 35376) load[0m
[0;32mI (186) esp_image: segment 3: paddr=00050020 vaddr=400d0020 size=51c80h (334976) map[0m
[0;32mI (305) esp_image: segment 4: paddr=000a1ca8 vaddr=40088a30 size=04480h ( 17536) load[0m
[0;32mI (313) esp_image: segment 5: paddr=000a6130 vaddr=50000000 size=00028h (    40) load[0m
[0;32mI (320) boot: Loaded app from partition at offset 0x10000[0m
[0;32mI (320) boot: Disabling RNG early entropy source...[0m
[0;32mI (331) cpu_start: Multicore app[0m
[0;32mI (339) cpu_start: GPIO 3 and 1 are used as console UART I/O pins[0m
[0;32mI (340) cpu_start: Pro cpu start user code[0m
[0;32mI (340) cpu_start: cpu freq: 160000000 Hz[0m
[0;32mI (341) app_init: Application information:[0m
[0;32mI (345) app_init: Project name:     horaWatchSoftware[0m
[0;32mI (350) app_init: App version:      fbc1c55-dirty[0m
[0;32mI (354) app_init: Compile time:     Jan 20 2026 15:07:06[0m
[0;32mI (360) app_init: ELF file SHA256:  efb0888b6...[0m
[0;32mI (364) app_init: ESP-IDF:          v6.1-dev-2002-gfa47e101d5[0m
[0;32mI (369) efuse_init: Min chip rev:     v0.0[0m
[0;32mI (373) efuse_init: Max chip rev:     v3.99 [0m
[0;32mI (377) efuse_init: Chip rev:         v3.1[0m
[0;32mI (381) heap_init: Initializing. RAM available for dynamic allocation:[0m
[0;32mI (387) heap_init: At 3FFAE6E0 len 00001920 (6 KiB): DRAM[0m
[0;32mI (392) heap_init: At 3FFC39D8 len 0001C628 (113 KiB): DRAM[0m
[0;32mI (398) heap_init: At 3FFE0440 len 00003AE0 (14 KiB): D/IRAM[0m
[0;32mI (403) heap_init: At 3FFE4350 len 0001BCB0 (111 KiB): D/IRAM[0m
[0;32mI (409) heap_init: At 4008CEB0 len 00013150 (76 KiB): IRAM[0m
[0;33mW (415) spi_flash: Detected boya flash chip but using generic driver. For optimal functionality, enable `SPI_FLASH_SUPPORT_BOYA_CHIP` in menuconfig[0m
[0;32mI (427) spi_flash: detected chip: generic[0m
[0;32mI (430) spi_flash: flash io: dio[0m
[0;33mW (433) spi_flash: Detected size(4096k) larger than the size in the binary image header(2048k). Using the size in the binary image header.[0m
[0;32mI (447) main_task: Started on CPU0[0m
[0;32mI (457) main_task: Calling app_main()[0m
[0;32mI (457) main: Booting horaWatchSoftware...[0m
[0;32mI (457) bsp: bsp_init(): init display + lvgl driver[0m
[0;32mI (457) disp_spi: init display + register LVGL driver[0m
[0;32mI (587) disp_spi: LVGL display registered (240x280, RGB565, no scaling)[0m
[0;32mI (587) app: app_init(): initializing state and UI[0m
[0;32mI (587) app: Starting LVGL widgets demo[0m
[0;32mI (1257) main_task: Returned from app_main()[0m
Guru Meditation Error: Core  0 panic'ed (StoreProhibited). Exception was unhandled.

Core  0 register dump:
PC      : 0x40118582  PS      : 0x00060f33  A0      : 0x801186ac  A1      : 0x3ffc4c60  
A2      : 0x3ffc6b78  A3      : 0x00000001  A4      : 0x00000001  A5      : 0x00000000  
A6      : 0x00000000  A7      : 0x00000000  A8      : 0x00000016  A9      : 0x00000000  
A10     : 0x000e6bea  A11     : 0x00010009  A12     : 0x00060120  A13     : 0x3ffb00e0  
A14     : 0x0000005b  A15     : 0x00060123  SAR     : 0x0000000a  EXCCAUSE: 0x0000001d  
EXCVADDR: 0x00000016  LBEG    : 0x00000000  LEND    : 0x00000000  LCOUNT  : 0x00000000  


Backtrace: 0x4011857f:0x3ffc4c60 0x401186a9:0x3ffc4c90 0x4011f89e:0x3ffc4cb0




ELF file SHA256: efb0888b6

Rebooting...
ets Jul 29 2019 12:21:46

rst:0xc (SW_CPU_RESET),boot:0x13 (SPI_FAST_FLASH_BOOT)
configsip: 0, SPIWP:0xee
clk_drv:0x00,q_drv:0x00,d_drv:0x00,cs0_drv:0x00,hd_drv:0x00,wp_drv:0x00
mode:DIO, clock div:2
load:0x3fff0040,len:6376
load:0x40078000,len:15900
ho 0 tail 12 room 4
load:0x40080400,len:3920
entry 0x40080644
[0;32mI (29) boot: ESP-IDF v6.1-dev-2002-gfa47e101d5 2nd stage bootloader[0m
[0;32mI (29) boot: compile time Jan 20 2026 15:07:02[0m
[0;32mI (29) boot: Multicore bootloader[0m
[0;32mI (32) boot: chip revision: v3.1[0m
[0;32mI (35) boot.esp32: SPI Speed      : 40MHz[0m
[0;32mI (39) boot.esp32: SPI Mode       : DIO[0m
[0;32mI (42) boot.esp32: SPI Flash Size : 2MB[0m
[0;32mI (46) boot: Enabling RNG early entropy source...[0m
[0;32mI (50) boot: Partition Table:[0m
[0;32mI (53) boot: ## Label            Usage          Type ST Offset   Length[0m
[0;32mI (59) boot:  0 nvs              WiFi data        01 02 00009000 00006000[0m
[0;32mI (66) boot:  1 phy_init         RF data          01 01 0000f000 00001000[0m
[0;32mI (72) boot:  2 factory          factory app      00 00 00010000 00100000[0m
[0;32mI (79) boot: End of partition table[0m
[0;32mI (82) esp_image: segment 0: paddr=00010020 vaddr=3f400020 size=348b4h (215220) map[0m
[0;32mI (166) esp_image: segment 1: paddr=000448dc vaddr=3ffb0000 size=02d04h ( 11524) load[0m
[0;32mI (171) esp_image: segment 2: paddr=000475e8 vaddr=40080000 size=08a30h ( 35376) load[0m
[0;32mI (186) esp_image: segment 3: paddr=00050020 vaddr=400d0020 size=51c80h (334976) map[0m
[0;32mI (305) esp_image: segment 4: paddr=000a1ca8 vaddr=40088a30 size=04480h ( 17536) load[0m
